02-29 23:36:18.790   846  1552 D OppoExLayer: setMatrix sequence=70357, matrix[1.000000,0.000000,0.000000,1.000000] name=Surface(name=6763d83 com.android.todolist/com.android.todolist.MainActivity)/@0xf9c75f5 - animation-leash#0
02-29 23:36:18.790   846  1552 D OppoExLayer: setCrop sequence=70357, seq[5], crop[0,0:0,0], cc[0,0:0,0] name=Surface(name=6763d83 com.android.todolist/com.android.todolist.MainActivity)/@0xf9c75f5 - animation-leash#0
02-29 23:36:18.791   846  3222 D OppoExLayer: setAlpha sequence=70357, alpha=0.000000, name=Surface(name=6763d83 com.android.todolist/com.android.todolist.MainActivity)/@0xf9c75f5 - animation-leash#0
02-29 23:36:18.791   846  3222 D OppoExLayer: setMatrix sequence=70357, matrix[1.000000,0.000000,0.000000,1.000000] name=Surface(name=6763d83 com.android.todolist/com.android.todolist.MainActivity)/@0xf9c75f5 - animation-leash#0
02-29 23:36:18.813   846  1552 D OppoExLayer: setFlags sequence=70350, flags[1], mask[1], newFlags[1], name=com.android.todolist/com.android.todolist.MainActivity#1
02-29 23:36:18.824   846   846 I BufferQueueConsumer: [com.android.todolist/com.android.todolist.MainActivity#1](id:34e00003a7f,api:0,p:-1,c:846) disconnect()
02-29 23:36:18.824   846   846 I BufferQueue: [com.android.todolist/com.android.todolist.MainActivity#1](this:0xb40000785992e258,id:14975,api:1,p:-1,c:-1) onDestructor()
02-29 23:36:18.824   846   846 D OppoExLayer: ~Layer() sequence=70350, name=com.android.todolist/com.android.todolist.MainActivity#1@0xb400007839f12000
02-29 23:36:18.824   846   846 D OppoExLayer: ~Layer() sequence=70357, name=Surface(name=6763d83 com.android.todolist/com.android.todolist.MainActivity)/@0xf9c75f5 - animation-leash#0@0xb40000782a8c4000
02-29 23:36:18.824   846   846 D OppoExLayer: ~Layer() sequence=70347, name=6763d83 com.android.todolist/com.android.todolist.MainActivity#0@0xb400007839fbc000
02-29 23:36:18.840 11447 11567 I InputDispatcher: Focus entered window: Window{bded8bd u0 com.android.todolist/com.android.todolist.MainActivity} in display 0
02-29 23:36:18.881 11447 11567 D InputMethodManagerService: isSecurity: attribute.packageName=com.android.todolist
02-29 23:36:20.894 11447 11473 I ActivityTaskManager: START u0 {cmp=com.android.todolist/.ListActivity (has extras) mCallingUid=10840} from uid 10840 and from pid 26734
02-29 23:36:20.895 11447 11473 D ColorZoomWindowRUSConfigManager: isSupportZoomModeWithPolicyLocked: target = com.android.todolist/.ListActivity
02-29 23:36:20.895 11447 11473 D ColorZoomWindowRUSConfigManager: targetPkg = com.android.todolist
02-29 23:36:20.895 11447 11473 V ColorZoomWindowManagerService: unSupportZoom: false ,callingPid: 26734 ,sourceStack: Task{5676c51 #2690 visible=true type=standard mode=fullscreen translucent=true A=10840:com.android.todolist U=0 StackId=2690 sz=2}
02-29 23:36:20.897   846  3222 D DispPerfService: get hint proc=ActivityRecord{32f1c95 u0 com.android.todolist, idx=0 none
02-29 23:36:20.897   846  3222 E OppoExLayer: SCLTM hint=0x0, misSCLTMLayer=0, seq=70364, name=ActivityRecord{32f1c95 u0 com.android.todolist/.ListActivity#0
02-29 23:36:20.897   846  3222 D OppoExLayer: Layer() sequence=70364, name=ActivityRecord{32f1c95 u0 com.android.todolist/.ListActivity#0
02-29 23:36:20.899 11447 11473 D ColorZoomWindowRUSConfigManager: isSupportZoomModeWithPolicyLocked: target = com.android.todolist/.ListActivity
02-29 23:36:20.899 11447 11473 D ColorZoomWindowRUSConfigManager: targetPkg = com.android.todolist
02-29 23:36:20.899 11447 11473 V ColorZoomWindowManagerService: unSupportZoom: false ,callingPid: 26734 ,sourceStack: Task{5676c51 #2690 visible=true type=standard mode=fullscreen translucent=true A=10840:com.android.todolist U=0 StackId=2690 sz=3}
02-29 23:36:20.904   846  3222 D OppoExLayer: setLayer sequence=70364, z=2, new_z=2, name=ActivityRecord{32f1c95 u0 com.android.todolist/.ListActivity#0
02-29 23:36:20.906   846  3222 I SurfaceFlinger: [SF client] NEW(0xb40000782a84ecc0) for (26734:com.android.todolist)
02-29 23:36:20.912 11447 11474 D OppoDisplayPolicy: com.android.todolist, no change cutoutMode: 0
02-29 23:36:20.914 26734 26734 I chatty  : uid=10840(com.android.todolist) identical 4 lines
02-29 23:36:20.918 11447 11473 D OppoDisplayPolicy: com.android.todolist, no change cutoutMode: 0
02-29 23:36:20.931   846  3222 D DispPerfService: onframeavailable pid=26734, slot=2, seq=70366, name=com.android.todolist:Toast#0
02-29 23:36:20.938 11447 11473 D ActivityTaskManager: setWillCloseOrEnterPip:false ActivityRecord:ActivityRecord{19f3649 u0 com.android.todolist/.MainActivity t2690} callers:com.android.server.wm.ActivityStack.completePauseLocked:1337 com.android.server.wm.ActivityRecord.activityPaused:5371 com.android.server.wm.ActivityTaskManagerService.activityPaused:1998 android.app.IActivityTaskManager$Stub.onTransact:1956 com.android.server.wm.OppoActivityTaskManagerService.onTransact:174 
02-29 23:36:20.940   815   837 I mtkpower@impl: [notifyAppState] act com.android.todolist.MainActivity => com.android.todolist.ListActivity
02-29 23:36:20.941 11447 11473 W WindowManager: Changing focus fromWindow{bded8bd u0 com.android.todolist/com.android.todolist.MainActivity} to null displayId=0 Callers=com.android.server.wm.RootWindowContainer.updateFocusedWindowLocked:503 com.android.server.wm.WindowManagerService.updateFocusedWindowLocked:6074 com.android.server.wm.DisplayContent.setFocusedApp:5969 com.android.server.wm.ActivityTaskManagerService.setResumedActivityUncheckLocked:5837 
02-29 23:36:20.957 11447 11474 I InputDispatcher: Focus left window: Window{bded8bd u0 com.android.todolist/com.android.todolist.MainActivity} in display 0
02-29 23:36:20.957 11447 11474 I InputDispatcher: Window went away: Window{bded8bd u0 com.android.todolist/com.android.todolist.MainActivity}
02-29 23:36:20.988   846  1499 I SurfaceFlinger: [SF client] NEW(0xb400007844dc0c40) for (26734:com.android.todolist)
02-29 23:36:20.994 11447 11473 D OppoDisplayPolicy: com.android.todolist, no change cutoutMode: 0
02-29 23:36:20.994   846  1499 D DispPerfService: get hint proc=d2b8167 com.android.todolist, idx=0 none
02-29 23:36:20.994   846  1499 E OppoExLayer: SCLTM hint=0x0, misSCLTMLayer=0, seq=70368, name=d2b8167 com.android.todolist/com.android.todolist.ListActivity#0
02-29 23:36:20.994   846  1499 D OppoExLayer: Layer() sequence=70368, name=d2b8167 com.android.todolist/com.android.todolist.ListActivity#0
02-29 23:36:20.996 26734 26734 I chatty  : uid=10840(com.android.todolist) identical 4 lines
02-29 23:36:21.006   846  1499 D OppoExLayer: setFlags sequence=70368, flags[0], mask[1], newFlags[0], name=d2b8167 com.android.todolist/com.android.todolist.ListActivity#0
02-29 23:36:21.013 11447 11473 D OppoDisplayPolicy: com.android.todolist, no change cutoutMode: 0
02-29 23:36:21.013 11447 11473 I WindowManager: Relayout Window{d2b8167 u0 com.android.todolist/com.android.todolist.ListActivity}: oldVis=4 newVis=0 focusMayChange = true
02-29 23:36:21.015   846  1499 D DispPerfService: get hint proc=com.android.todolist, idx=0 none
02-29 23:36:21.015   846  1499 E OppoExLayer: SCLTM hint=0x0, misSCLTMLayer=0, seq=70369, name=com.android.todolist/com.android.todolist.ListActivity#0
02-29 23:36:21.015   846  1499 D OppoExLayer: Layer() sequence=70369, name=com.android.todolist/com.android.todolist.ListActivity#0
02-29 23:36:21.016 11447 11473 W WindowManager: Changing focus fromnull to Window{d2b8167 u0 com.android.todolist/com.android.todolist.ListActivity} displayId=0 Callers=com.android.server.wm.RootWindowContainer.updateFocusedWindowLocked:503 com.android.server.wm.WindowManagerService.updateFocusedWindowLocked:6074 com.android.server.wm.WindowManagerService.relayoutWindow:2704 com.android.server.wm.Session.relayout:229 
02-29 23:36:21.023   846  1499 D OppoExLayer: setAlpha sequence=70369, alpha=1.000000, name=com.android.todolist/com.android.todolist.ListActivity#0
02-29 23:36:21.023   846  1499 D OppoExLayer: setMatrix sequence=70369, matrix[1.000000,0.000000,0.000000,1.000000] name=com.android.todolist/com.android.todolist.ListActivity#0
02-29 23:36:21.023   846  1499 D OppoExLayer: setCrop sequence=70369, seq[2], crop[0,0:1080,2400], cc[0,0:1080,2400] name=com.android.todolist/com.android.todolist.ListActivity#0
02-29 23:36:21.023   846  3222 I BufferQueueProducer: [com.android.todolist/com.android.todolist.ListActivity#0](id:34e00003a82,api:1,p:26734,c:846) connect(): api=1 producerControlledByApp=false
02-29 23:36:21.036   846  1499 D DispPerfService: onframeavailable pid=26734, slot=2, seq=70369, name=com.android.todolist:com.android.todolist/com.android.todolist.ListActivity#0
02-29 23:36:21.039 11447 11473 I InputDispatcher: Window went away: com.android.todolist/com.android.todolist.ListActivity#0
02-29 23:36:21.039   846  1499 D OppoExLayer: setAlpha sequence=70369, alpha=1.000000, name=com.android.todolist/com.android.todolist.ListActivity#0
02-29 23:36:21.039   846  1499 D OppoExLayer: setMatrix sequence=70369, matrix[1.000000,0.000000,0.000000,1.000000] name=com.android.todolist/com.android.todolist.ListActivity#0
02-29 23:36:21.041   846  1499 D DispPerfService: get hint proc=Surface(name=ActivityRecord{32f1c95 u0 com.android.todolist, idx=0 none
02-29 23:36:21.041   846  1499 E OppoExLayer: SCLTM hint=0x0, misSCLTMLayer=0, seq=70372, name=Surface(name=ActivityRecord{32f1c95 u0 com.android.todolist/.ListActivity)/@0x6c8d97b - animation-leash#0
02-29 23:36:21.041   846  1499 D OppoExLayer: Layer() sequence=70372, name=Surface(name=ActivityRecord{32f1c95 u0 com.android.todolist/.ListActivity)/@0x6c8d97b - animation-leash#0
02-29 23:36:21.042   846  1499 D DispPerfService: get hint proc=Surface(name=ActivityRecord{32f1c95 u0 com.android.todolist, idx=0 none
02-29 23:36:21.042   846  1499 E OppoExLayer: SCLTM hint=0x0, misSCLTMLayer=0, seq=70373, name=Surface(name=ActivityRecord{32f1c95 u0 com.android.todolist/.ListActivity)/@0x6c8d97b - animation-bounds#0
02-29 23:36:21.042   846  1499 D OppoExLayer: Layer() sequence=70373, name=Surface(name=ActivityRecord{32f1c95 u0 com.android.todolist/.ListActivity)/@0x6c8d97b - animation-bounds#0
02-29 23:36:21.043 11447 11484 D ColorZoomWindowManagerService: adjustWindowCropForLeash start: appToken = ActivityRecord{32f1c95 u0 com.android.todolist/.ListActivity t2690}
02-29 23:36:21.044   846  1499 D DispPerfService: get hint proc=Surface(name=ActivityRecord{19f3649 u0 com.android.todolist, idx=0 none
02-29 23:36:21.044   846  1499 E OppoExLayer: SCLTM hint=0x0, misSCLTMLayer=0, seq=70374, name=Surface(name=ActivityRecord{19f3649 u0 com.android.todolist/.MainActivity)/@0xd9eb0f1 - animation-leash#0
02-29 23:36:21.044   846  1499 D OppoExLayer: Layer() sequence=70374, name=Surface(name=ActivityRecord{19f3649 u0 com.android.todolist/.MainActivity)/@0xd9eb0f1 - animation-leash#0
02-29 23:36:21.045   846  1499 D DispPerfService: get hint proc=Surface(name=ActivityRecord{19f3649 u0 com.android.todolist, idx=0 none
02-29 23:36:21.045   846  1499 E OppoExLayer: SCLTM hint=0x0, misSCLTMLayer=0, seq=70375, name=Surface(name=ActivityRecord{19f3649 u0 com.android.todolist/.MainActivity)/@0xd9eb0f1 - animation-bounds#0
02-29 23:36:21.045   846  1499 D OppoExLayer: Layer() sequence=70375, name=Surface(name=ActivityRecord{19f3649 u0 com.android.todolist/.MainActivity)/@0xd9eb0f1 - animation-bounds#0
02-29 23:36:21.046 11447 11484 D ColorZoomWindowManagerService: adjustWindowCropForLeash start: appToken = ActivityRecord{19f3649 u0 com.android.todolist/.MainActivity t2690}
02-29 23:36:21.047 11447 11526 I ActivityTaskManager: Displayed com.android.todolist/.ListActivity: +152ms
02-29 23:36:21.050   846  1499 D OppoExLayer: setAlpha sequence=70369, alpha=1.000000, name=com.android.todolist/com.android.todolist.ListActivity#0
02-29 23:36:21.050   846  1499 D OppoExLayer: setMatrix sequence=70369, matrix[1.000000,0.000000,0.000000,1.000000] name=com.android.todolist/com.android.todolist.ListActivity#0
02-29 23:36:21.050   846  1499 D OppoExLayer: setFlags sequence=70369, flags[0], mask[1], newFlags[2], name=com.android.todolist/com.android.todolist.ListActivity#0
02-29 23:36:21.050   846  1499 D OppoExLayer: setLayer sequence=70372, z=800570024, new_z=800570024, name=Surface(name=ActivityRecord{32f1c95 u0 com.android.todolist/.ListActivity)/@0x6c8d97b - animation-leash#0
02-29 23:36:21.050   846  1499 D OppoExLayer: setAlpha sequence=70372, alpha=1.000000, name=Surface(name=ActivityRecord{32f1c95 u0 com.android.todolist/.ListActivity)/@0x6c8d97b - animation-leash#0
02-29 23:36:21.050   846  1499 D OppoExLayer: setMatrix sequence=70372, matrix[1.000000,0.000000,0.000000,1.000000] name=Surface(name=ActivityRecord{32f1c95 u0 com.android.todolist/.ListActivity)/@0x6c8d97b - animation-leash#0
02-29 23:36:21.050   846  1499 D OppoExLayer: setFlags sequence=70372, flags[0], mask[1], newFlags[0], name=Surface(name=ActivityRecord{32f1c95 u0 com.android.todolist/.ListActivity)/@0x6c8d97b - animation-leash#0
02-29 23:36:21.050   846  1499 D OppoExLayer: setCrop sequence=70372, seq[4], crop[0,0:1080,2400], cc[0,0:1080,2400] name=Surface(name=ActivityRecord{32f1c95 u0 com.android.todolist/.ListActivity)/@0x6c8d97b - animation-leash#0
02-29 23:36:21.050   846  1499 D OppoExLayer: setFlags sequence=70364, flags[0], mask[1], newFlags[0], name=ActivityRecord{32f1c95 u0 com.android.todolist/.ListActivity#0
02-29 23:36:21.050   846  1499 D OppoExLayer: setLayer sequence=70373, z=800570024, new_z=800570024, name=Surface(name=ActivityRecord{32f1c95 u0 com.android.todolist/.ListActivity)/@0x6c8d97b - animation-bounds#0
02-29 23:36:21.050   846  1499 D OppoExLayer: setFlags sequence=70373, flags[0], mask[1], newFlags[0], name=Surface(name=ActivityRecord{32f1c95 u0 com.android.todolist/.ListActivity)/@0x6c8d97b - animation-bounds#0
02-29 23:36:21.050   846  1499 D OppoExLayer: setLayer sequence=70374, z=22, new_z=22, name=Surface(name=ActivityRecord{19f3649 u0 com.android.todolist/.MainActivity)/@0xd9eb0f1 - animation-leash#0
02-29 23:36:21.050   846  1499 D OppoExLayer: setAlpha sequence=70374, alpha=0.700000, name=Surface(name=ActivityRecord{19f3649 u0 com.android.todolist/.MainActivity)/@0xd9eb0f1 - animation-leash#0
02-29 23:36:21.050   846  1499 D OppoExLayer: setMatrix sequence=70374, matrix[1.000000,0.000000,0.000000,1.000000] name=Surface(name=ActivityRecord{19f3649 u0 com.android.todolist/.MainActivity)/@0xd9eb0f1 - animation-leash#0
02-29 23:36:21.050   846  1499 D OppoExLayer: setCrop sequence=70374, seq[5], crop[0,0:1080,2400], cc[0,0:1080,2400] name=Surface(name=ActivityRecord{19f3649 u0 com.android.todolist/.MainActivity)/@0xd9eb0f1 - animation-leash#0
02-29 23:36:21.050   846  1499 D OppoExLayer: setLayer sequence=70375, z=22, new_z=22, name=Surface(name=ActivityRecord{19f3649 u0 com.android.todolist/.MainActivity)/@0xd9eb0f1 - animation-bounds#0
02-29 23:36:21.050   846  1499 D OppoExLayer: setFlags sequence=70375, flags[0], mask[1], newFlags[0], name=Surface(name=ActivityRecord{19f3649 u0 com.android.todolist/.MainActivity)/@0xd9eb0f1 - animation-bounds#0
02-29 23:36:21.052   846  3222 D OppoExLayer: setMatrix sequence=70369, matrix[1.000000,0.000000,0.000000,1.000000] name=com.android.todolist/com.android.todolist.ListActivity#0
02-29 23:36:21.056   846   919 D OppoExLayer: setAlpha sequence=70374, alpha=0.700000, name=Surface(name=ActivityRecord{19f3649 u0 com.android.todolist/.MainActivity)/@0xd9eb0f1 - animation-leash#0
02-29 23:36:21.056   846   919 D OppoExLayer: setMatrix sequence=70374, matrix[1.000000,0.000000,0.000000,1.000000] name=Surface(name=ActivityRecord{19f3649 u0 com.android.todolist/.MainActivity)/@0xd9eb0f1 - animation-leash#0
02-29 23:36:21.056   846   919 D OppoExLayer: setAlpha sequence=70372, alpha=1.000000, name=Surface(name=ActivityRecord{32f1c95 u0 com.android.todolist/.ListActivity)/@0x6c8d97b - animation-leash#0
02-29 23:36:21.056   846   919 D OppoExLayer: setMatrix sequence=70372, matrix[1.000000,0.000000,0.000000,1.000000] name=Surface(name=ActivityRecord{32f1c95 u0 com.android.todolist/.ListActivity)/@0x6c8d97b - animation-leash#0
02-29 23:36:21.057 11447 11474 I InputDispatcher: Focus entered window: Window{d2b8167 u0 com.android.todolist/com.android.todolist.ListActivity} in display 0
02-29 23:36:21.057 11447 11484 V ColorZoomWindowManagerService: onAnimationFinished:  r = ActivityRecord{32f1c95 u0 com.android.todolist/.ListActivity t2690}
02-29 23:36:21.057 11447 11484 I ColorAppSwitchManagerService:  handleAppVisible , r = ActivityRecord{32f1c95 u0 com.android.todolist/.ListActivity t2690}
02-29 23:36:21.058 11447 11484 V ColorZoomWindowManagerService: onAnimationFinished:  r = ActivityRecord{19f3649 u0 com.android.todolist/.MainActivity t2690}
02-29 23:36:21.060   846  1552 D OppoExLayer: setFlags sequence=70337, flags[1], mask[1], newFlags[1], name=ActivityRecord{19f3649 u0 com.android.todolist/.MainActivity#0
02-29 23:36:21.060   846  1552 D OppoExLayer: setFlags sequence=70339, flags[1], mask[1], newFlags[3], name=com.android.todolist/com.android.todolist.MainActivity#0
02-29 23:36:21.063 11447 13628 D InputMethodManagerService: isSecurity: attribute.packageName=com.android.todolist
02-29 23:36:21.072   846   846 D OppoExLayer: ~Layer() sequence=70375, name=Surface(name=ActivityRecord{19f3649 u0 com.android.todolist/.MainActivity)/@0xd9eb0f1 - animation-bounds#0@0xb400007839f15000
02-29 23:36:21.072   846   846 D OppoExLayer: ~Layer() sequence=70374, name=Surface(name=ActivityRecord{19f3649 u0 com.android.todolist/.MainActivity)/@0xd9eb0f1 - animation-leash#0@0xb400007839ee5000
02-29 23:36:21.072   846   846 D OppoExLayer: ~Layer() sequence=70373, name=Surface(name=ActivityRecord{32f1c95 u0 com.android.todolist/.ListActivity)/@0x6c8d97b - animation-bounds#0@0xb400007839e85000
02-29 23:36:21.072   846   846 D OppoExLayer: ~Layer() sequence=70372, name=Surface(name=ActivityRecord{32f1c95 u0 com.android.todolist/.ListActivity)/@0x6c8d97b - animation-leash#0@0xb400007820c35000
02-29 23:36:21.080   846  1552 I BufferQueueProducer: [com.android.todolist/com.android.todolist.MainActivity#0](id:34e00003a7e,api:1,p:26734,c:846) disconnect(): api=1
02-29 23:36:21.107 11447 13628 D OppoDisplayPolicy: com.android.todolist, no change cutoutMode: 0
02-29 23:36:21.123 11447 11473 I InputDispatcher: Window went away: com.android.todolist/com.android.todolist.MainActivity#0
02-29 23:36:21.138   846   846 I BufferQueueConsumer: [com.android.todolist/com.android.todolist.MainActivity#0](id:34e00003a7e,api:0,p:-1,c:846) disconnect()
02-29 23:36:21.138   846   846 I BufferQueue: [com.android.todolist/com.android.todolist.MainActivity#0](this:0xb400007844fafe58,id:14974,api:1,p:-1,c:-1) onDestructor()
02-29 23:36:21.140   846   846 D OppoExLayer: ~Layer() sequence=70339, name=com.android.todolist/com.android.todolist.MainActivity#0@0xb40000782a890000
02-29 23:36:22.921 11447 11474 W NotificationService: Toast already killed. pkg=com.android.todolist token=android.os.BinderProxy@a5d610e
02-29 23:36:23.262 11447 11473 I ActivityTaskManager: START u0 {cmp=com.android.todolist/.MainActivity mCallingUid=10840} from uid 10840 and from pid 26734
02-29 23:36:23.263 11447 11473 D ColorZoomWindowRUSConfigManager: isSupportZoomModeWithPolicyLocked: target = com.android.todolist/.MainActivity
02-29 23:36:23.263 11447 11473 D ColorZoomWindowRUSConfigManager: targetPkg = com.android.todolist
02-29 23:36:23.263 11447 11473 V ColorZoomWindowManagerService: unSupportZoom: false ,callingPid: 26734 ,sourceStack: Task{5676c51 #2690 visible=true type=standard mode=fullscreen translucent=true A=10840:com.android.todolist U=0 StackId=2690 sz=3}
02-29 23:36:23.264   846  3222 D DispPerfService: get hint proc=ActivityRecord{d88f872 u0 com.android.todolist, idx=0 none
02-29 23:36:23.264   846  3222 E OppoExLayer: SCLTM hint=0x0, misSCLTMLayer=0, seq=70379, name=ActivityRecord{d88f872 u0 com.android.todolist/.MainActivity#0
02-29 23:36:23.264   846  3222 D OppoExLayer: Layer() sequence=70379, name=ActivityRecord{d88f872 u0 com.android.todolist/.MainActivity#0
02-29 23:36:23.266 11447 11473 D ColorZoomWindowRUSConfigManager: isSupportZoomModeWithPolicyLocked: target = com.android.todolist/.MainActivity
02-29 23:36:23.266 11447 11473 D ColorZoomWindowRUSConfigManager: targetPkg = com.android.todolist
02-29 23:36:23.266 11447 11473 V ColorZoomWindowManagerService: unSupportZoom: false ,callingPid: 26734 ,sourceStack: Task{5676c51 #2690 visible=true type=standard mode=fullscreen translucent=true A=10840:com.android.todolist U=0 StackId=2690 sz=4}
02-29 23:36:23.268   846  3222 D OppoExLayer: setLayer sequence=70379, z=3, new_z=3, name=ActivityRecord{d88f872 u0 com.android.todolist/.MainActivity#0
02-29 23:36:23.272 11447 11473 D ActivityTaskManager: setWillCloseOrEnterPip:false ActivityRecord:ActivityRecord{32f1c95 u0 com.android.todolist/.ListActivity t2690 f}} callers:com.android.server.wm.ActivityStack.completePauseLocked:1337 com.android.server.wm.ActivityRecord.activityPaused:5371 com.android.server.wm.ActivityTaskManagerService.activityPaused:1998 android.app.IActivityTaskManager$Stub.onTransact:1956 com.android.server.wm.OppoActivityTaskManagerService.onTransact:174 
02-29 23:36:23.275 11447 11473 W WindowManager: Changing focus fromWindow{d2b8167 u0 com.android.todolist/com.android.todolist.ListActivity} to null displayId=0 Callers=com.android.server.wm.RootWindowContainer.updateFocusedWindowLocked:503 com.android.server.wm.WindowManagerService.updateFocusedWindowLocked:6074 com.android.server.wm.DisplayContent.setFocusedApp:5969 com.android.server.wm.ActivityTaskManagerService.setResumedActivityUncheckLocked:5837 
02-29 23:36:23.275   815   837 I mtkpower@impl: [notifyAppState] act com.android.todolist.ListActivity => com.android.todolist.MainActivity
02-29 23:36:23.306 11447 11474 I InputDispatcher: Focus left window: Window{d2b8167 u0 com.android.todolist/com.android.todolist.ListActivity} in display 0
02-29 23:36:23.306 11447 11474 I InputDispatcher: Window went away: Window{d2b8167 u0 com.android.todolist/com.android.todolist.ListActivity}
02-29 23:36:23.321   846  3222 I SurfaceFlinger: [SF client] NEW(0xb40000782a84f200) for (26734:com.android.todolist)
02-29 23:36:23.326 11447 11474 D OppoDisplayPolicy: com.android.todolist, no change cutoutMode: 0
02-29 23:36:23.327   846  1552 D DispPerfService: get hint proc=e2fb296 com.android.todolist, idx=0 none
02-29 23:36:23.327   846  1552 E OppoExLayer: SCLTM hint=0x0, misSCLTMLayer=0, seq=70380, name=e2fb296 com.android.todolist/com.android.todolist.MainActivity#0
02-29 23:36:23.327   846  1552 D OppoExLayer: Layer() sequence=70380, name=e2fb296 com.android.todolist/com.android.todolist.MainActivity#0
02-29 23:36:23.329 26734 26734 I chatty  : uid=10840(com.android.todolist) identical 4 lines
02-29 23:36:23.338   846  1552 D OppoExLayer: setFlags sequence=70380, flags[0], mask[1], newFlags[0], name=e2fb296 com.android.todolist/com.android.todolist.MainActivity#0
02-29 23:36:23.355 11447 11473 D OppoDisplayPolicy: com.android.todolist, no change cutoutMode: 0
02-29 23:36:23.355 11447 11473 I WindowManager: Relayout Window{e2fb296 u0 com.android.todolist/com.android.todolist.MainActivity}: oldVis=4 newVis=0 focusMayChange = true
02-29 23:36:23.358   846  1552 D DispPerfService: get hint proc=com.android.todolist, idx=0 none
02-29 23:36:23.358   846  1552 E OppoExLayer: SCLTM hint=0x0, misSCLTMLayer=0, seq=70381, name=com.android.todolist/com.android.todolist.MainActivity#0
02-29 23:36:23.358   846  1552 D OppoExLayer: Layer() sequence=70381, name=com.android.todolist/com.android.todolist.MainActivity#0
02-29 23:36:23.360 11447 11473 W WindowManager: Changing focus fromnull to Window{e2fb296 u0 com.android.todolist/com.android.todolist.MainActivity} displayId=0 Callers=com.android.server.wm.RootWindowContainer.updateFocusedWindowLocked:503 com.android.server.wm.WindowManagerService.updateFocusedWindowLocked:6074 com.android.server.wm.WindowManagerService.relayoutWindow:2704 com.android.server.wm.Session.relayout:229 
02-29 23:36:23.366   846  1552 I BufferQueueProducer: [com.android.todolist/com.android.todolist.MainActivity#0](id:34e00003a83,api:1,p:26734,c:846) connect(): api=1 producerControlledByApp=false
02-29 23:36:23.373   846  1552 D OppoExLayer: setAlpha sequence=70381, alpha=1.000000, name=com.android.todolist/com.android.todolist.MainActivity#0
02-29 23:36:23.373   846  1552 D OppoExLayer: setMatrix sequence=70381, matrix[1.000000,0.000000,0.000000,1.000000] name=com.android.todolist/com.android.todolist.MainActivity#0
02-29 23:36:23.373   846  1552 D OppoExLayer: setCrop sequence=70381, seq[2], crop[0,0:1080,2400], cc[0,0:1080,2400] name=com.android.todolist/com.android.todolist.MainActivity#0
02-29 23:36:23.388 11447 11473 I InputDispatcher: Window went away: com.android.todolist/com.android.todolist.MainActivity#0
02-29 23:36:23.403   846  1552 D DispPerfService: onframeavailable pid=26734, slot=2, seq=70381, name=com.android.todolist:com.android.todolist/com.android.todolist.MainActivity#0
02-29 23:36:23.407   846  1552 D OppoExLayer: setAlpha sequence=70381, alpha=1.000000, name=com.android.todolist/com.android.todolist.MainActivity#0
02-29 23:36:23.407   846  1552 D OppoExLayer: setMatrix sequence=70381, matrix[1.000000,0.000000,0.000000,1.000000] name=com.android.todolist/com.android.todolist.MainActivity#0
02-29 23:36:23.408   846  3222 D DispPerfService: get hint proc=Surface(name=ActivityRecord{d88f872 u0 com.android.todolist, idx=0 none
02-29 23:36:23.408   846  3222 E OppoExLayer: SCLTM hint=0x0, misSCLTMLayer=0, seq=70384, name=Surface(name=ActivityRecord{d88f872 u0 com.android.todolist/.MainActivity)/@0x62c137a - animation-leash#0
02-29 23:36:23.408   846  3222 D OppoExLayer: Layer() sequence=70384, name=Surface(name=ActivityRecord{d88f872 u0 com.android.todolist/.MainActivity)/@0x62c137a - animation-leash#0
02-29 23:36:23.409   846  3222 D DispPerfService: get hint proc=Surface(name=ActivityRecord{d88f872 u0 com.android.todolist, idx=0 none
02-29 23:36:23.409   846  3222 E OppoExLayer: SCLTM hint=0x0, misSCLTMLayer=0, seq=70385, name=Surface(name=ActivityRecord{d88f872 u0 com.android.todolist/.MainActivity)/@0x62c137a - animation-bounds#0
02-29 23:36:23.409   846  3222 D OppoExLayer: Layer() sequence=70385, name=Surface(name=ActivityRecord{d88f872 u0 com.android.todolist/.MainActivity)/@0x62c137a - animation-bounds#0
02-29 23:36:23.410 11447 11484 D ColorZoomWindowManagerService: adjustWindowCropForLeash start: appToken = ActivityRecord{d88f872 u0 com.android.todolist/.MainActivity t2690}
02-29 23:36:23.411   846  3222 D DispPerfService: get hint proc=Surface(name=ActivityRecord{32f1c95 u0 com.android.todolist, idx=0 none
02-29 23:36:23.411   846  3222 E OppoExLayer: SCLTM hint=0x0, misSCLTMLayer=0, seq=70386, name=Surface(name=ActivityRecord{32f1c95 u0 com.android.todolist/.ListActivity)/@0x6c8d97b - animation-leash#0
02-29 23:36:23.411   846  3222 D OppoExLayer: Layer() sequence=70386, name=Surface(name=ActivityRecord{32f1c95 u0 com.android.todolist/.ListActivity)/@0x6c8d97b - animation-leash#0
02-29 23:36:23.412   846  3222 D DispPerfService: get hint proc=Surface(name=ActivityRecord{32f1c95 u0 com.android.todolist, idx=0 none
02-29 23:36:23.412   846  3222 E OppoExLayer: SCLTM hint=0x0, misSCLTMLayer=0, seq=70387, name=Surface(name=ActivityRecord{32f1c95 u0 com.android.todolist/.ListActivity)/@0x6c8d97b - animation-bounds#0
02-29 23:36:23.412   846  3222 D OppoExLayer: Layer() sequence=70387, name=Surface(name=ActivityRecord{32f1c95 u0 com.android.todolist/.ListActivity)/@0x6c8d97b - animation-bounds#0
02-29 23:36:23.413 11447 11484 D ColorZoomWindowManagerService: adjustWindowCropForLeash start: appToken = ActivityRecord{32f1c95 u0 com.android.todolist/.ListActivity t2690 f}}
02-29 23:36:23.414 11447 11526 I ActivityTaskManager: Displayed com.android.todolist/.MainActivity: +152ms
02-29 23:36:23.415   846  3222 D OppoExLayer: setAlpha sequence=70381, alpha=1.000000, name=com.android.todolist/com.android.todolist.MainActivity#0
02-29 23:36:23.415   846  3222 D OppoExLayer: setMatrix sequence=70381, matrix[1.000000,0.000000,0.000000,1.000000] name=com.android.todolist/com.android.todolist.MainActivity#0
02-29 23:36:23.415   846  3222 D OppoExLayer: setFlags sequence=70381, flags[0], mask[1], newFlags[2], name=com.android.todolist/com.android.todolist.MainActivity#0
02-29 23:36:23.415   846  3222 D OppoExLayer: setLayer sequence=70384, z=800570026, new_z=800570026, name=Surface(name=ActivityRecord{d88f872 u0 com.android.todolist/.MainActivity)/@0x62c137a - animation-leash#0
02-29 23:36:23.415   846  3222 D OppoExLayer: setAlpha sequence=70384, alpha=1.000000, name=Surface(name=ActivityRecord{d88f872 u0 com.android.todolist/.MainActivity)/@0x62c137a - animation-leash#0
02-29 23:36:23.415   846  3222 D OppoExLayer: setMatrix sequence=70384, matrix[1.000000,0.000000,0.000000,1.000000] name=Surface(name=ActivityRecord{d88f872 u0 com.android.todolist/.MainActivity)/@0x62c137a - animation-leash#0
02-29 23:36:23.415   846  3222 D OppoExLayer: setFlags sequence=70384, flags[0], mask[1], newFlags[0], name=Surface(name=ActivityRecord{d88f872 u0 com.android.todolist/.MainActivity)/@0x62c137a - animation-leash#0
02-29 23:36:23.415   846  3222 D OppoExLayer: setCrop sequence=70384, seq[4], crop[0,0:1080,2400], cc[0,0:1080,2400] name=Surface(name=ActivityRecord{d88f872 u0 com.android.todolist/.MainActivity)/@0x62c137a - animation-leash#0
02-29 23:36:23.415   846  3222 D OppoExLayer: setFlags sequence=70379, flags[0], mask[1], newFlags[0], name=ActivityRecord{d88f872 u0 com.android.todolist/.MainActivity#0
02-29 23:36:23.415   846  3222 D OppoExLayer: setLayer sequence=70385, z=800570026, new_z=800570026, name=Surface(name=ActivityRecord{d88f872 u0 com.android.todolist/.MainActivity)/@0x62c137a - animation-bounds#0
02-29 23:36:23.415   846  3222 D OppoExLayer: setFlags sequence=70385, flags[0], mask[1], newFlags[0], name=Surface(name=ActivityRecord{d88f872 u0 com.android.todolist/.MainActivity)/@0x62c137a - animation-bounds#0
02-29 23:36:23.415   846  3222 D OppoExLayer: setLayer sequence=70386, z=24, new_z=24, name=Surface(name=ActivityRecord{32f1c95 u0 com.android.todolist/.ListActivity)/@0x6c8d97b - animation-leash#0
02-29 23:36:23.415   846  3222 D OppoExLayer: setAlpha sequence=70386, alpha=0.700000, name=Surface(name=ActivityRecord{32f1c95 u0 com.android.todolist/.ListActivity)/@0x6c8d97b - animation-leash#0
02-29 23:36:23.415   846  3222 D OppoExLayer: setMatrix sequence=70386, matrix[1.000000,0.000000,0.000000,1.000000] name=Surface(name=ActivityRecord{32f1c95 u0 com.android.todolist/.ListActivity)/@0x6c8d97b - animation-leash#0
02-29 23:36:23.415   846  3222 D OppoExLayer: setCrop sequence=70386, seq[5], crop[0,0:1080,2400], cc[0,0:1080,2400] name=Surface(name=ActivityRecord{32f1c95 u0 com.android.todolist/.ListActivity)/@0x6c8d97b - animation-leash#0
02-29 23:36:23.415   846  3222 D OppoExLayer: setLayer sequence=70387, z=24, new_z=24, name=Surface(name=ActivityRecord{32f1c95 u0 com.android.todolist/.ListActivity)/@0x6c8d97b - animation-bounds#0
02-29 23:36:23.415   846  3222 D OppoExLayer: setFlags sequence=70387, flags[0], mask[1], newFlags[0], name=Surface(name=ActivityRecord{32f1c95 u0 com.android.todolist/.ListActivity)/@0x6c8d97b - animation-bounds#0
02-29 23:36:23.421 11447 11474 I InputDispatcher: Focus entered window: Window{e2fb296 u0 com.android.todolist/com.android.todolist.MainActivity} in display 0
02-29 23:36:23.421   846  1552 D OppoExLayer: setAlpha sequence=70386, alpha=0.700000, name=Surface(name=ActivityRecord{32f1c95 u0 com.android.todolist/.ListActivity)/@0x6c8d97b - animation-leash#0
02-29 23:36:23.421   846  1552 D OppoExLayer: setMatrix sequence=70386, matrix[1.000000,0.000000,0.000000,1.000000] name=Surface(name=ActivityRecord{32f1c95 u0 com.android.todolist/.ListActivity)/@0x6c8d97b - animation-leash#0
02-29 23:36:23.421   846  1552 D OppoExLayer: setAlpha sequence=70384, alpha=1.000000, name=Surface(name=ActivityRecord{d88f872 u0 com.android.todolist/.MainActivity)/@0x62c137a - animation-leash#0
02-29 23:36:23.421   846  1552 D OppoExLayer: setMatrix sequence=70384, matrix[1.000000,0.000000,0.000000,1.000000] name=Surface(name=ActivityRecord{d88f872 u0 com.android.todolist/.MainActivity)/@0x62c137a - animation-leash#0
02-29 23:36:23.422   846  1552 D OppoExLayer: setMatrix sequence=70381, matrix[1.000000,0.000000,0.000000,1.000000] name=com.android.todolist/com.android.todolist.MainActivity#0
02-29 23:36:23.422 11447 11484 V ColorZoomWindowManagerService: onAnimationFinished:  r = ActivityRecord{d88f872 u0 com.android.todolist/.MainActivity t2690}
02-29 23:36:23.422 11447 11484 I ColorAppSwitchManagerService:  handleAppVisible , r = ActivityRecord{d88f872 u0 com.android.todolist/.MainActivity t2690}
02-29 23:36:23.423 11447 11484 V ColorZoomWindowManagerService: onAnimationFinished:  r = ActivityRecord{32f1c95 u0 com.android.todolist/.ListActivity t2690 f}}
02-29 23:36:23.424   846  1552 D OppoExLayer: setFlags sequence=70364, flags[1], mask[1], newFlags[1], name=ActivityRecord{32f1c95 u0 com.android.todolist/.ListActivity#0
02-29 23:36:23.424   846  1552 D OppoExLayer: setFlags sequence=70369, flags[1], mask[1], newFlags[3], name=com.android.todolist/com.android.todolist.ListActivity#0
02-29 23:36:23.432 11447 11474 D InputMethodManagerService: isSecurity: attribute.packageName=com.android.todolist
02-29 23:36:23.437   846   846 D OppoExLayer: ~Layer() sequence=70387, name=Surface(name=ActivityRecord{32f1c95 u0 com.android.todolist/.ListActivity)/@0x6c8d97b - animation-bounds#0@0xb40000782a91f000
02-29 23:36:23.437   846   846 D OppoExLayer: ~Layer() sequence=70386, name=Surface(name=ActivityRecord{32f1c95 u0 com.android.todolist/.ListActivity)/@0x6c8d97b - animation-leash#0@0xb40000782a948000
02-29 23:36:23.437   846   846 D OppoExLayer: ~Layer() sequence=70385, name=Surface(name=ActivityRecord{d88f872 u0 com.android.todolist/.MainActivity)/@0x62c137a - animation-bounds#0@0xb40000782a8ab000
02-29 23:36:23.437   846   846 D OppoExLayer: ~Layer() sequence=70384, name=Surface(name=ActivityRecord{d88f872 u0 com.android.todolist/.MainActivity)/@0x62c137a - animation-leash#0@0xb40000782a851000
02-29 23:36:23.440   846  1552 I BufferQueueProducer: [com.android.todolist/com.android.todolist.ListActivity#0](id:34e00003a82,api:1,p:26734,c:846) disconnect(): api=1
02-29 23:36:23.470   846   846 D OppoExLayer: ~Layer() sequence=70368, name=d2b8167 com.android.todolist/com.android.todolist.ListActivity#0@0xb400007839fde000
02-29 23:36:23.470   846   846 I BufferQueueConsumer: [com.android.todolist/com.android.todolist.ListActivity#0](id:34e00003a82,api:0,p:-1,c:846) disconnect()
02-29 23:36:23.470   846   846 I BufferQueue: [com.android.todolist/com.android.todolist.ListActivity#0](this:0xb400007859929c58,id:14978,api:1,p:-1,c:-1) onDestructor()
02-29 23:36:23.471   846   846 D OppoExLayer: ~Layer() sequence=70369, name=com.android.todolist/com.android.todolist.ListActivity#0@0xb400007820c41000
02-29 23:36:23.472 11447 13895 I InputDispatcher: Window went away: com.android.todolist/com.android.todolist.ListActivity#0
02-29 23:36:23.487   846   846 D OppoExLayer: ~Layer() sequence=70364, name=ActivityRecord{32f1c95 u0 com.android.todolist/.ListActivity#0@0xb400007819f2d000
02-29 23:36:28.798   846  1552 I SurfaceFlinger: [SF client] NEW(0xb40000782a84ec00) for (26734:com.android.todolist)
02-29 23:36:28.811 11447 11474 D OppoDisplayPolicy: com.android.todolist, no change cutoutMode: 0
02-29 23:36:28.813 11447 11474 W WindowManager: Changing focus fromWindow{e2fb296 u0 com.android.todolist/com.android.todolist.MainActivity} to Window{fddbae1 u0 PopupWindow:d3a9b40} displayId=0 Callers=com.android.server.wm.RootWindowContainer.updateFocusedWindowLocked:503 com.android.server.wm.WindowManagerService.updateFocusedWindowLocked:6074 com.android.server.wm.WindowManagerService.addWindow:1934 com.android.server.wm.Session.addToDisplayAsUser:184 
02-29 23:36:28.823 26734 26734 I chatty  : uid=10840(com.android.todolist) identical 4 lines
02-29 23:36:28.848 11447 13893 I InputDispatcher: Focus left window: Window{e2fb296 u0 com.android.todolist/com.android.todolist.MainActivity} in display 0
02-29 23:36:28.852 11447 13893 D OppoDisplayPolicy: com.android.todolist, no change cutoutMode: 0
02-29 23:36:28.911   846  1552 D DispPerfService: onframeavailable pid=26734, slot=2, seq=70392, name=com.android.todolist:PopupWindow:d3a9b40#0
02-29 23:36:29.795 11447 13895 D OppoDisplayPolicy: com.android.todolist, no change cutoutMode: 0
02-29 23:36:29.797 11447 13895 D WindowManager: WARNING: focused app window can't receive keys, focusedApp:ActivityRecord{d88f872 u0 com.android.todolist/.MainActivity t2690} window:Window{fddbae1 u0 PopupWindow:d3a9b40}
02-29 23:36:29.798 11447 13895 W WindowManager: Changing focus fromWindow{fddbae1 u0 PopupWindow:d3a9b40} to Window{e2fb296 u0 com.android.todolist/com.android.todolist.MainActivity} displayId=0 Callers=com.android.server.wm.RootWindowContainer.updateFocusedWindowLocked:503 com.android.server.wm.WindowManagerService.updateFocusedWindowLocked:6074 com.android.server.wm.WindowManagerService.relayoutWindow:2704 com.android.server.wm.Session.relayout:229 
02-29 23:36:29.812   846  3222 D OppoExLayer: setLayer sequence=70379, z=2, new_z=2, name=ActivityRecord{d88f872 u0 com.android.todolist/.MainActivity#0
02-29 23:36:29.829 11447 13895 I InputDispatcher: Focus entered window: Window{e2fb296 u0 com.android.todolist/com.android.todolist.MainActivity} in display 0
02-29 23:36:29.832 11447 13895 D InputMethodManagerService: isSecurity: attribute.packageName=com.android.todolist
02-29 23:36:31.085 11447 13893 I ActivityTaskManager: START u0 {cmp=com.android.todolist/.ListActivity (has extras) mCallingUid=10840} from uid 10840 and from pid 26734
02-29 23:36:31.086 11447 13893 D ColorZoomWindowRUSConfigManager: isSupportZoomModeWithPolicyLocked: target = com.android.todolist/.ListActivity
02-29 23:36:31.086 11447 13893 D ColorZoomWindowRUSConfigManager: targetPkg = com.android.todolist
02-29 23:36:31.086 11447 13893 V ColorZoomWindowManagerService: unSupportZoom: false ,callingPid: 26734 ,sourceStack: Task{5676c51 #2690 visible=true type=standard mode=fullscreen translucent=true A=10840:com.android.todolist U=0 StackId=2690 sz=3}
02-29 23:36:31.087   846  3222 D DispPerfService: get hint proc=ActivityRecord{4ee3dc1 u0 com.android.todolist, idx=0 none
02-29 23:36:31.087   846  3222 E OppoExLayer: SCLTM hint=0x0, misSCLTMLayer=0, seq=70396, name=ActivityRecord{4ee3dc1 u0 com.android.todolist/.ListActivity#0
02-29 23:36:31.087   846  3222 D OppoExLayer: Layer() sequence=70396, name=ActivityRecord{4ee3dc1 u0 com.android.todolist/.ListActivity#0
02-29 23:36:31.089 11447 13893 D ColorZoomWindowRUSConfigManager: isSupportZoomModeWithPolicyLocked: target = com.android.todolist/.ListActivity
02-29 23:36:31.089 11447 13893 D ColorZoomWindowRUSConfigManager: targetPkg = com.android.todolist
02-29 23:36:31.089 11447 13893 V ColorZoomWindowManagerService: unSupportZoom: false ,callingPid: 26734 ,sourceStack: Task{5676c51 #2690 visible=true type=standard mode=fullscreen translucent=true A=10840:com.android.todolist U=0 StackId=2690 sz=4}
02-29 23:36:31.093   846  3222 D OppoExLayer: setLayer sequence=70396, z=3, new_z=3, name=ActivityRecord{4ee3dc1 u0 com.android.todolist/.ListActivity#0
02-29 23:36:31.097   846  3222 I SurfaceFlinger: [SF client] NEW(0xb40000782a84f2c0) for (26734:com.android.todolist)
02-29 23:36:31.104 11447 11473 D OppoDisplayPolicy: com.android.todolist, no change cutoutMode: 0
02-29 23:36:31.108 26734 26734 I chatty  : uid=10840(com.android.todolist) identical 4 lines
02-29 23:36:31.114 11447 11473 D ActivityTaskManager: setWillCloseOrEnterPip:false ActivityRecord:ActivityRecord{d88f872 u0 com.android.todolist/.MainActivity t2690} callers:com.android.server.wm.ActivityStack.completePauseLocked:1337 com.android.server.wm.ActivityRecord.activityPaused:5371 com.android.server.wm.ActivityTaskManagerService.activityPaused:1998 android.app.IActivityTaskManager$Stub.onTransact:1956 com.android.server.wm.OppoActivityTaskManagerService.onTransact:174 
02-29 23:36:31.116   815   837 I mtkpower@impl: [notifyAppState] act com.android.todolist.MainActivity => com.android.todolist.ListActivity
02-29 23:36:31.116 11447 11473 W WindowManager: Changing focus fromWindow{e2fb296 u0 com.android.todolist/com.android.todolist.MainActivity} to null displayId=0 Callers=com.android.server.wm.RootWindowContainer.updateFocusedWindowLocked:503 com.android.server.wm.WindowManagerService.updateFocusedWindowLocked:6074 com.android.server.wm.DisplayContent.setFocusedApp:5969 com.android.server.wm.ActivityTaskManagerService.setResumedActivityUncheckLocked:5837 
02-29 23:36:31.121 11447 13893 D OppoDisplayPolicy: com.android.todolist, no change cutoutMode: 0
02-29 23:36:31.128 11447 11473 I InputDispatcher: Focus left window: Window{e2fb296 u0 com.android.todolist/com.android.todolist.MainActivity} in display 0
02-29 23:36:31.128 11447 11473 I InputDispatcher: Window went away: Window{e2fb296 u0 com.android.todolist/com.android.todolist.MainActivity}
02-29 23:36:31.133   846  1499 D DispPerfService: onframeavailable pid=26734, slot=2, seq=70398, name=com.android.todolist:Toast#0
02-29 23:36:31.181   846  1499 I SurfaceFlinger: [SF client] NEW(0xb400007844dc0d00) for (26734:com.android.todolist)
02-29 23:36:31.185 11447 11473 D OppoDisplayPolicy: com.android.todolist, no change cutoutMode: 0
02-29 23:36:31.186   846  1499 D DispPerfService: get hint proc=c3c4433 com.android.todolist, idx=0 none
02-29 23:36:31.186   846  1499 E OppoExLayer: SCLTM hint=0x0, misSCLTMLayer=0, seq=70400, name=c3c4433 com.android.todolist/com.android.todolist.ListActivity#0
02-29 23:36:31.186   846  1499 D OppoExLayer: Layer() sequence=70400, name=c3c4433 com.android.todolist/com.android.todolist.ListActivity#0
02-29 23:36:31.188 26734 26734 I chatty  : uid=10840(com.android.todolist) identical 4 lines
02-29 23:36:31.194   846  3222 D OppoExLayer: setFlags sequence=70400, flags[0], mask[1], newFlags[0], name=c3c4433 com.android.todolist/com.android.todolist.ListActivity#0
02-29 23:36:31.198 11447 11473 D OppoDisplayPolicy: com.android.todolist, no change cutoutMode: 0
02-29 23:36:31.199 11447 11473 I WindowManager: Relayout Window{c3c4433 u0 com.android.todolist/com.android.todolist.ListActivity}: oldVis=4 newVis=0 focusMayChange = true
02-29 23:36:31.201   846  3222 D DispPerfService: get hint proc=com.android.todolist, idx=0 none
02-29 23:36:31.201   846  3222 E OppoExLayer: SCLTM hint=0x0, misSCLTMLayer=0, seq=70401, name=com.android.todolist/com.android.todolist.ListActivity#0
02-29 23:36:31.201   846  3222 D OppoExLayer: Layer() sequence=70401, name=com.android.todolist/com.android.todolist.ListActivity#0
02-29 23:36:31.202 11447 11473 W WindowManager: Changing focus fromnull to Window{c3c4433 u0 com.android.todolist/com.android.todolist.ListActivity} displayId=0 Callers=com.android.server.wm.RootWindowContainer.updateFocusedWindowLocked:503 com.android.server.wm.WindowManagerService.updateFocusedWindowLocked:6074 com.android.server.wm.WindowManagerService.relayoutWindow:2704 com.android.server.wm.Session.relayout:229 
02-29 23:36:31.209   846  1499 I BufferQueueProducer: [com.android.todolist/com.android.todolist.ListActivity#0](id:34e00003a86,api:1,p:26734,c:846) connect(): api=1 producerControlledByApp=false
02-29 23:36:31.212   846  3222 D OppoExLayer: setAlpha sequence=70401, alpha=1.000000, name=com.android.todolist/com.android.todolist.ListActivity#0
02-29 23:36:31.212   846  3222 D OppoExLayer: setMatrix sequence=70401, matrix[1.000000,0.000000,0.000000,1.000000] name=com.android.todolist/com.android.todolist.ListActivity#0
02-29 23:36:31.212   846  3222 D OppoExLayer: setCrop sequence=70401, seq[2], crop[0,0:1080,2400], cc[0,0:1080,2400] name=com.android.todolist/com.android.todolist.ListActivity#0
02-29 23:36:31.221   846  1499 D DispPerfService: onframeavailable pid=26734, slot=2, seq=70401, name=com.android.todolist:com.android.todolist/com.android.todolist.ListActivity#0
02-29 23:36:31.224   846  1499 D OppoExLayer: setAlpha sequence=70401, alpha=1.000000, name=com.android.todolist/com.android.todolist.ListActivity#0
02-29 23:36:31.224   846  1499 D OppoExLayer: setMatrix sequence=70401, matrix[1.000000,0.000000,0.000000,1.000000] name=com.android.todolist/com.android.todolist.ListActivity#0
02-29 23:36:31.225   846  1499 D DispPerfService: get hint proc=Surface(name=ActivityRecord{4ee3dc1 u0 com.android.todolist, idx=0 none
02-29 23:36:31.225   846  1499 E OppoExLayer: SCLTM hint=0x0, misSCLTMLayer=0, seq=70404, name=Surface(name=ActivityRecord{4ee3dc1 u0 com.android.todolist/.ListActivity)/@0xc286287 - animation-leash#0
02-29 23:36:31.225   846  1499 D OppoExLayer: Layer() sequence=70404, name=Surface(name=ActivityRecord{4ee3dc1 u0 com.android.todolist/.ListActivity)/@0xc286287 - animation-leash#0
02-29 23:36:31.227   846  1499 D DispPerfService: get hint proc=Surface(name=ActivityRecord{4ee3dc1 u0 com.android.todolist, idx=0 none
02-29 23:36:31.227   846  1499 E OppoExLayer: SCLTM hint=0x0, misSCLTMLayer=0, seq=70405, name=Surface(name=ActivityRecord{4ee3dc1 u0 com.android.todolist/.ListActivity)/@0xc286287 - animation-bounds#0
02-29 23:36:31.227   846  1499 D OppoExLayer: Layer() sequence=70405, name=Surface(name=ActivityRecord{4ee3dc1 u0 com.android.todolist/.ListActivity)/@0xc286287 - animation-bounds#0
02-29 23:36:31.228 11447 11484 D ColorZoomWindowManagerService: adjustWindowCropForLeash start: appToken = ActivityRecord{4ee3dc1 u0 com.android.todolist/.ListActivity t2690}
02-29 23:36:31.228 11447 11473 I InputDispatcher: Window went away: com.android.todolist/com.android.todolist.ListActivity#0
02-29 23:36:31.229   846  1499 D DispPerfService: get hint proc=Surface(name=ActivityRecord{d88f872 u0 com.android.todolist, idx=0 none
02-29 23:36:31.229   846  1499 E OppoExLayer: SCLTM hint=0x0, misSCLTMLayer=0, seq=70406, name=Surface(name=ActivityRecord{d88f872 u0 com.android.todolist/.MainActivity)/@0x62c137a - animation-leash#0
02-29 23:36:31.229   846  1499 D OppoExLayer: Layer() sequence=70406, name=Surface(name=ActivityRecord{d88f872 u0 com.android.todolist/.MainActivity)/@0x62c137a - animation-leash#0
02-29 23:36:31.230   846  1499 D DispPerfService: get hint proc=Surface(name=ActivityRecord{d88f872 u0 com.android.todolist, idx=0 none
02-29 23:36:31.230   846  1499 E OppoExLayer: SCLTM hint=0x0, misSCLTMLayer=0, seq=70407, name=Surface(name=ActivityRecord{d88f872 u0 com.android.todolist/.MainActivity)/@0x62c137a - animation-bounds#0
02-29 23:36:31.230   846  1499 D OppoExLayer: Layer() sequence=70407, name=Surface(name=ActivityRecord{d88f872 u0 com.android.todolist/.MainActivity)/@0x62c137a - animation-bounds#0
02-29 23:36:31.231 11447 11484 D ColorZoomWindowManagerService: adjustWindowCropForLeash start: appToken = ActivityRecord{d88f872 u0 com.android.todolist/.MainActivity t2690}
02-29 23:36:31.232 11447 11526 I ActivityTaskManager: Displayed com.android.todolist/.ListActivity: +146ms
02-29 23:36:31.233   846  1499 D OppoExLayer: setAlpha sequence=70401, alpha=1.000000, name=com.android.todolist/com.android.todolist.ListActivity#0
02-29 23:36:31.233   846  1499 D OppoExLayer: setMatrix sequence=70401, matrix[1.000000,0.000000,0.000000,1.000000] name=com.android.todolist/com.android.todolist.ListActivity#0
02-29 23:36:31.233   846  1499 D OppoExLayer: setFlags sequence=70401, flags[0], mask[1], newFlags[2], name=com.android.todolist/com.android.todolist.ListActivity#0
02-29 23:36:31.233   846  1499 D OppoExLayer: setLayer sequence=70404, z=800570026, new_z=800570026, name=Surface(name=ActivityRecord{4ee3dc1 u0 com.android.todolist/.ListActivity)/@0xc286287 - animation-leash#0
02-29 23:36:31.233   846  1499 D OppoExLayer: setAlpha sequence=70404, alpha=1.000000, name=Surface(name=ActivityRecord{4ee3dc1 u0 com.android.todolist/.ListActivity)/@0xc286287 - animation-leash#0
02-29 23:36:31.233   846  1499 D OppoExLayer: setMatrix sequence=70404, matrix[1.000000,0.000000,0.000000,1.000000] name=Surface(name=ActivityRecord{4ee3dc1 u0 com.android.todolist/.ListActivity)/@0xc286287 - animation-leash#0
02-29 23:36:31.233   846  1499 D OppoExLayer: setFlags sequence=70404, flags[0], mask[1], newFlags[0], name=Surface(name=ActivityRecord{4ee3dc1 u0 com.android.todolist/.ListActivity)/@0xc286287 - animation-leash#0
02-29 23:36:31.233   846  1499 D OppoExLayer: setCrop sequence=70404, seq[4], crop[0,0:1080,2400], cc[0,0:1080,2400] name=Surface(name=ActivityRecord{4ee3dc1 u0 com.android.todolist/.ListActivity)/@0xc286287 - animation-leash#0
02-29 23:36:31.233   846  1499 D OppoExLayer: setFlags sequence=70396, flags[0], mask[1], newFlags[0], name=ActivityRecord{4ee3dc1 u0 com.android.todolist/.ListActivity#0
02-29 23:36:31.233   846  1499 D OppoExLayer: setLayer sequence=70405, z=800570026, new_z=800570026, name=Surface(name=ActivityRecord{4ee3dc1 u0 com.android.todolist/.ListActivity)/@0xc286287 - animation-bounds#0
02-29 23:36:31.233   846  1499 D OppoExLayer: setFlags sequence=70405, flags[0], mask[1], newFlags[0], name=Surface(name=ActivityRecord{4ee3dc1 u0 com.android.todolist/.ListActivity)/@0xc286287 - animation-bounds#0
02-29 23:36:31.233   846  1499 D OppoExLayer: setLayer sequence=70406, z=24, new_z=24, name=Surface(name=ActivityRecord{d88f872 u0 com.android.todolist/.MainActivity)/@0x62c137a - animation-leash#0
02-29 23:36:31.233   846  1499 D OppoExLayer: setAlpha sequence=70406, alpha=0.700000, name=Surface(name=ActivityRecord{d88f872 u0 com.android.todolist/.MainActivity)/@0x62c137a - animation-leash#0
