02-29 23:36:54.977 11447 11567 W WindowManager: Changing focus fromWindow{e75b70e u0 com.android.todolist/com.android.todolist.ListActivity EXITING} to Window{ea5d497 u0 com.android.todolist/com.android.todolist.ListActivity} displayId=0 Callers=com.android.server.wm.RootWindowContainer.updateFocusedWindowLocked:503 com.android.server.wm.WindowManagerService.updateFocusedWindowLocked:6074 com.android.server.wm.WindowState.setupWindowForRemoveOnExit:2533 com.android.server.wm.WindowState.removeIfPossible:2498 
02-29 23:36:54.991   846  1499 D OppoExLayer: setLayer sequence=70455, z=1, new_z=1, name=Surface(name=e75b70e com.android.todolist/com.android.todolist.ListActivity)/@0xddbeb28 - animation-leash#0
02-29 23:36:54.991   846  1499 D OppoExLayer: setAlpha sequence=70455, alpha=0.000000, name=Surface(name=e75b70e com.android.todolist/com.android.todolist.ListActivity)/@0xddbeb28 - animation-leash#0
02-29 23:36:54.991   846  1499 D OppoExLayer: setMatrix sequence=70455, matrix[1.000000,0.000000,0.000000,1.000000] name=Surface(name=e75b70e com.android.todolist/com.android.todolist.ListActivity)/@0xddbeb28 - animation-leash#0
02-29 23:36:54.991   846  1499 D OppoExLayer: setCrop sequence=70455, seq[5], crop[0,0:0,0], cc[0,0:0,0] name=Surface(name=e75b70e com.android.todolist/com.android.todolist.ListActivity)/@0xddbeb28 - animation-leash#0
02-29 23:36:54.994   846  3222 D OppoExLayer: setAlpha sequence=70455, alpha=0.000000, name=Surface(name=e75b70e com.android.todolist/com.android.todolist.ListActivity)/@0xddbeb28 - animation-leash#0
02-29 23:36:54.994   846  3222 D OppoExLayer: setMatrix sequence=70455, matrix[1.000000,0.000000,0.000000,1.000000] name=Surface(name=e75b70e com.android.todolist/com.android.todolist.ListActivity)/@0xddbeb28 - animation-leash#0
02-29 23:36:54.995   846  1499 I SurfaceFlinger: [SF client] NEW(0xb400007844dc0f40) for (26734:com.android.todolist)
02-29 23:36:55.006   846  1499 D OppoExLayer: setFlags sequence=70449, flags[1], mask[1], newFlags[1], name=com.android.todolist/com.android.todolist.ListActivity#1
02-29 23:36:55.009 11447 11474 D OppoDisplayPolicy: com.android.todolist, no change cutoutMode: 0
02-29 23:36:55.010   846   846 D OppoExLayer: ~Layer() sequence=70455, name=Surface(name=e75b70e com.android.todolist/com.android.todolist.ListActivity)/@0xddbeb28 - animation-leash#0@0xb400007839e85000
02-29 23:36:55.010   846   846 D OppoExLayer: ~Layer() sequence=70446, name=e75b70e com.android.todolist/com.android.todolist.ListActivity#0@0xb40000782a1cc000
02-29 23:36:55.010   846   846 I BufferQueueConsumer: [com.android.todolist/com.android.todolist.ListActivity#1](id:34e00003a8c,api:0,p:-1,c:846) disconnect()
02-29 23:36:55.010   846   846 I BufferQueue: [com.android.todolist/com.android.todolist.ListActivity#1](this:0xb400007859928e58,id:14988,api:1,p:-1,c:-1) onDestructor()
02-29 23:36:55.010   846   846 D OppoExLayer: ~Layer() sequence=70449, name=com.android.todolist/com.android.todolist.ListActivity#1@0xb400007839f71000
02-29 23:36:55.011 11447 13895 I InputDispatcher: Focus entered window: Window{ea5d497 u0 com.android.todolist/com.android.todolist.ListActivity} in display 0
02-29 23:36:55.017 26734 26734 I chatty  : uid=10840(com.android.todolist) identical 4 lines
02-29 23:36:55.030 11447 11474 D OppoDisplayPolicy: com.android.todolist, no change cutoutMode: 0
02-29 23:36:55.059   846  1552 D DispPerfService: onframeavailable pid=26734, slot=1, seq=70461, name=com.android.todolist:Toast#0
02-29 23:36:55.070 11447 11474 D InputMethodManagerService: isSecurity: attribute.packageName=com.android.todolist
02-29 23:36:55.561 11447 11474 I ActivityTaskManager: START u0 {cmp=com.android.todolist/.MainActivity mCallingUid=10840} from uid 10840 and from pid 26734
02-29 23:36:55.562 11447 11474 D ColorZoomWindowRUSConfigManager: isSupportZoomModeWithPolicyLocked: target = com.android.todolist/.MainActivity
02-29 23:36:55.562 11447 11474 D ColorZoomWindowRUSConfigManager: targetPkg = com.android.todolist
02-29 23:36:55.562 11447 11474 V ColorZoomWindowManagerService: unSupportZoom: false ,callingPid: 26734 ,sourceStack: Task{5676c51 #2690 visible=true type=standard mode=fullscreen translucent=true A=10840:com.android.todolist U=0 StackId=2690 sz=5}
02-29 23:36:55.564   846  3222 D DispPerfService: get hint proc=ActivityRecord{5c08cda u0 com.android.todolist, idx=0 none
02-29 23:36:55.564   846  3222 E OppoExLayer: SCLTM hint=0x0, misSCLTMLayer=0, seq=70464, name=ActivityRecord{5c08cda u0 com.android.todolist/.MainActivity#0
02-29 23:36:55.564   846  3222 D OppoExLayer: Layer() sequence=70464, name=ActivityRecord{5c08cda u0 com.android.todolist/.MainActivity#0
02-29 23:36:55.565 11447 11474 D ColorZoomWindowRUSConfigManager: isSupportZoomModeWithPolicyLocked: target = com.android.todolist/.MainActivity
02-29 23:36:55.565 11447 11474 D ColorZoomWindowRUSConfigManager: targetPkg = com.android.todolist
02-29 23:36:55.565 11447 11474 V ColorZoomWindowManagerService: unSupportZoom: false ,callingPid: 26734 ,sourceStack: Task{5676c51 #2690 visible=true type=standard mode=fullscreen translucent=true A=10840:com.android.todolist U=0 StackId=2690 sz=6}
02-29 23:36:55.568   846  3222 D OppoExLayer: setLayer sequence=70464, z=5, new_z=5, name=ActivityRecord{5c08cda u0 com.android.todolist/.MainActivity#0
02-29 23:36:55.572 11447 11474 D ActivityTaskManager: setWillCloseOrEnterPip:false ActivityRecord:ActivityRecord{1cd2945 u0 com.android.todolist/.ListActivity t2690 f}} callers:com.android.server.wm.ActivityStack.completePauseLocked:1337 com.android.server.wm.ActivityRecord.activityPaused:5371 com.android.server.wm.ActivityTaskManagerService.activityPaused:1998 android.app.IActivityTaskManager$Stub.onTransact:1956 com.android.server.wm.OppoActivityTaskManagerService.onTransact:174 
02-29 23:36:55.576   815   837 I mtkpower@impl: [notifyAppState] act com.android.todolist.ListActivity => com.android.todolist.MainActivity
02-29 23:36:55.576 11447 11474 W WindowManager: Changing focus fromWindow{ea5d497 u0 com.android.todolist/com.android.todolist.ListActivity} to null displayId=0 Callers=com.android.server.wm.RootWindowContainer.updateFocusedWindowLocked:503 com.android.server.wm.WindowManagerService.updateFocusedWindowLocked:6074 com.android.server.wm.DisplayContent.setFocusedApp:5969 com.android.server.wm.ActivityTaskManagerService.setResumedActivityUncheckLocked:5837 
02-29 23:36:55.606 11447 13895 I InputDispatcher: Focus left window: Window{ea5d497 u0 com.android.todolist/com.android.todolist.ListActivity} in display 0
02-29 23:36:55.606 11447 13895 I InputDispatcher: Window went away: Window{ea5d497 u0 com.android.todolist/com.android.todolist.ListActivity}
02-29 23:36:55.615   846  1499 I SurfaceFlinger: [SF client] NEW(0xb400007839e78840) for (26734:com.android.todolist)
02-29 23:36:55.619 11447 13895 D OppoDisplayPolicy: com.android.todolist, no change cutoutMode: 0
02-29 23:36:55.619   846  3222 D DispPerfService: get hint proc=d5e9a7e com.android.todolist, idx=0 none
02-29 23:36:55.619   846  3222 E OppoExLayer: SCLTM hint=0x0, misSCLTMLayer=0, seq=70465, name=d5e9a7e com.android.todolist/com.android.todolist.MainActivity#0
02-29 23:36:55.619   846  3222 D OppoExLayer: Layer() sequence=70465, name=d5e9a7e com.android.todolist/com.android.todolist.MainActivity#0
02-29 23:36:55.621 26734 26734 I chatty  : uid=10840(com.android.todolist) identical 4 lines
02-29 23:36:55.622   846  3222 D OppoExLayer: setFlags sequence=70465, flags[0], mask[1], newFlags[0], name=d5e9a7e com.android.todolist/com.android.todolist.MainActivity#0
02-29 23:36:55.637 11447 13895 D OppoDisplayPolicy: com.android.todolist, no change cutoutMode: 0
02-29 23:36:55.637 11447 13895 I WindowManager: Relayout Window{d5e9a7e u0 com.android.todolist/com.android.todolist.MainActivity}: oldVis=4 newVis=0 focusMayChange = true
02-29 23:36:55.639   846  3222 D DispPerfService: get hint proc=com.android.todolist, idx=0 none
02-29 23:36:55.639   846  3222 E OppoExLayer: SCLTM hint=0x0, misSCLTMLayer=0, seq=70466, name=com.android.todolist/com.android.todolist.MainActivity#0
02-29 23:36:55.639   846  3222 D OppoExLayer: Layer() sequence=70466, name=com.android.todolist/com.android.todolist.MainActivity#0
02-29 23:36:55.640 11447 13895 W WindowManager: Changing focus fromnull to Window{d5e9a7e u0 com.android.todolist/com.android.todolist.MainActivity} displayId=0 Callers=com.android.server.wm.RootWindowContainer.updateFocusedWindowLocked:503 com.android.server.wm.WindowManagerService.updateFocusedWindowLocked:6074 com.android.server.wm.WindowManagerService.relayoutWindow:2704 com.android.server.wm.Session.relayout:229 
02-29 23:36:55.645   846  3222 I BufferQueueProducer: [com.android.todolist/com.android.todolist.MainActivity#0](id:34e00003a8e,api:1,p:26734,c:846) connect(): api=1 producerControlledByApp=false
02-29 23:36:55.655   846  3222 D OppoExLayer: setAlpha sequence=70466, alpha=1.000000, name=com.android.todolist/com.android.todolist.MainActivity#0
02-29 23:36:55.655   846  3222 D OppoExLayer: setMatrix sequence=70466, matrix[1.000000,0.000000,0.000000,1.000000] name=com.android.todolist/com.android.todolist.MainActivity#0
02-29 23:36:55.655   846  3222 D OppoExLayer: setCrop sequence=70466, seq[2], crop[0,0:1080,2400], cc[0,0:1080,2400] name=com.android.todolist/com.android.todolist.MainActivity#0
02-29 23:36:55.671 11447 13895 I InputDispatcher: Window went away: com.android.todolist/com.android.todolist.MainActivity#0
02-29 23:36:55.674   846  3222 D DispPerfService: onframeavailable pid=26734, slot=2, seq=70466, name=com.android.todolist:com.android.todolist/com.android.todolist.MainActivity#0
02-29 23:36:55.679   846  3222 D OppoExLayer: setAlpha sequence=70466, alpha=1.000000, name=com.android.todolist/com.android.todolist.MainActivity#0
02-29 23:36:55.679   846  3222 D OppoExLayer: setMatrix sequence=70466, matrix[1.000000,0.000000,0.000000,1.000000] name=com.android.todolist/com.android.todolist.MainActivity#0
02-29 23:36:55.681   846  3222 D DispPerfService: get hint proc=Surface(name=ActivityRecord{5c08cda u0 com.android.todolist, idx=0 none
02-29 23:36:55.681   846  3222 E OppoExLayer: SCLTM hint=0x0, misSCLTMLayer=0, seq=70469, name=Surface(name=ActivityRecord{5c08cda u0 com.android.todolist/.MainActivity)/@0xcd9f6e2 - animation-leash#0
02-29 23:36:55.681   846  3222 D OppoExLayer: Layer() sequence=70469, name=Surface(name=ActivityRecord{5c08cda u0 com.android.todolist/.MainActivity)/@0xcd9f6e2 - animation-leash#0
02-29 23:36:55.682   846  3222 D DispPerfService: get hint proc=Surface(name=ActivityRecord{5c08cda u0 com.android.todolist, idx=0 none
02-29 23:36:55.682   846  3222 E OppoExLayer: SCLTM hint=0x0, misSCLTMLayer=0, seq=70470, name=Surface(name=ActivityRecord{5c08cda u0 com.android.todolist/.MainActivity)/@0xcd9f6e2 - animation-bounds#0
02-29 23:36:55.682   846  3222 D OppoExLayer: Layer() sequence=70470, name=Surface(name=ActivityRecord{5c08cda u0 com.android.todolist/.MainActivity)/@0xcd9f6e2 - animation-bounds#0
02-29 23:36:55.682 11447 11484 D ColorZoomWindowManagerService: adjustWindowCropForLeash start: appToken = ActivityRecord{5c08cda u0 com.android.todolist/.MainActivity t2690}
02-29 23:36:55.683   846  3222 D DispPerfService: get hint proc=Surface(name=ActivityRecord{1cd2945 u0 com.android.todolist, idx=0 none
02-29 23:36:55.683   846  3222 E OppoExLayer: SCLTM hint=0x0, misSCLTMLayer=0, seq=70471, name=Surface(name=ActivityRecord{1cd2945 u0 com.android.todolist/.ListActivity)/@0x15bc5ab - animation-leash#0
02-29 23:36:55.683   846  3222 D OppoExLayer: Layer() sequence=70471, name=Surface(name=ActivityRecord{1cd2945 u0 com.android.todolist/.ListActivity)/@0x15bc5ab - animation-leash#0
02-29 23:36:55.684   846  3222 D DispPerfService: get hint proc=Surface(name=ActivityRecord{1cd2945 u0 com.android.todolist, idx=0 none
02-29 23:36:55.684   846  3222 E OppoExLayer: SCLTM hint=0x0, misSCLTMLayer=0, seq=70472, name=Surface(name=ActivityRecord{1cd2945 u0 com.android.todolist/.ListActivity)/@0x15bc5ab - animation-bounds#0
02-29 23:36:55.684   846  3222 D OppoExLayer: Layer() sequence=70472, name=Surface(name=ActivityRecord{1cd2945 u0 com.android.todolist/.ListActivity)/@0x15bc5ab - animation-bounds#0
02-29 23:36:55.685 11447 11484 D ColorZoomWindowManagerService: adjustWindowCropForLeash start: appToken = ActivityRecord{1cd2945 u0 com.android.todolist/.ListActivity t2690 f}}
02-29 23:36:55.686 11447 11526 I ActivityTaskManager: Displayed com.android.todolist/.MainActivity: +125ms
02-29 23:36:55.687   846  1499 D OppoExLayer: setAlpha sequence=70471, alpha=0.700000, name=Surface(name=ActivityRecord{1cd2945 u0 com.android.todolist/.ListActivity)/@0x15bc5ab - animation-leash#0
02-29 23:36:55.687   846  1499 D OppoExLayer: setMatrix sequence=70471, matrix[1.000000,0.000000,0.000000,1.000000] name=Surface(name=ActivityRecord{1cd2945 u0 com.android.todolist/.ListActivity)/@0x15bc5ab - animation-leash#0
02-29 23:36:55.687   846  1499 D OppoExLayer: setCrop sequence=70471, seq[4], crop[0,0:1080,2400], cc[0,0:1080,2400] name=Surface(name=ActivityRecord{1cd2945 u0 com.android.todolist/.ListActivity)/@0x15bc5ab - animation-leash#0
02-29 23:36:55.687   846  1499 D OppoExLayer: setAlpha sequence=70469, alpha=1.000000, name=Surface(name=ActivityRecord{5c08cda u0 com.android.todolist/.MainActivity)/@0xcd9f6e2 - animation-leash#0
02-29 23:36:55.687   846  1499 D OppoExLayer: setMatrix sequence=70469, matrix[1.000000,0.000000,0.000000,1.000000] name=Surface(name=ActivityRecord{5c08cda u0 com.android.todolist/.MainActivity)/@0xcd9f6e2 - animation-leash#0
02-29 23:36:55.687   846  1499 D OppoExLayer: setCrop sequence=70469, seq[2], crop[0,0:1080,2400], cc[0,0:1080,2400] name=Surface(name=ActivityRecord{5c08cda u0 com.android.todolist/.MainActivity)/@0xcd9f6e2 - animation-leash#0
02-29 23:36:55.689   846  1499 D OppoExLayer: setAlpha sequence=70466, alpha=1.000000, name=com.android.todolist/com.android.todolist.MainActivity#0
02-29 23:36:55.689   846  1499 D OppoExLayer: setMatrix sequence=70466, matrix[1.000000,0.000000,0.000000,1.000000] name=com.android.todolist/com.android.todolist.MainActivity#0
02-29 23:36:55.689   846  1499 D OppoExLayer: setFlags sequence=70466, flags[0], mask[1], newFlags[2], name=com.android.todolist/com.android.todolist.MainActivity#0
02-29 23:36:55.689   846  1499 D OppoExLayer: setLayer sequence=70469, z=800570030, new_z=800570030, name=Surface(name=ActivityRecord{5c08cda u0 com.android.todolist/.MainActivity)/@0xcd9f6e2 - animation-leash#0
02-29 23:36:55.689   846  1499 D OppoExLayer: setAlpha sequence=70469, alpha=1.000000, name=Surface(name=ActivityRecord{5c08cda u0 com.android.todolist/.MainActivity)/@0xcd9f6e2 - animation-leash#0
02-29 23:36:55.689   846  1499 D OppoExLayer: setMatrix sequence=70469, matrix[1.000000,0.000000,0.000000,1.000000] name=Surface(name=ActivityRecord{5c08cda u0 com.android.todolist/.MainActivity)/@0xcd9f6e2 - animation-leash#0
02-29 23:36:55.689   846  1499 D OppoExLayer: setFlags sequence=70469, flags[0], mask[1], newFlags[0], name=Surface(name=ActivityRecord{5c08cda u0 com.android.todolist/.MainActivity)/@0xcd9f6e2 - animation-leash#0
02-29 23:36:55.689   846  1499 D OppoExLayer: setFlags sequence=70464, flags[0], mask[1], newFlags[0], name=ActivityRecord{5c08cda u0 com.android.todolist/.MainActivity#0
02-29 23:36:55.689   846  1499 D OppoExLayer: setLayer sequence=70470, z=800570030, new_z=800570030, name=Surface(name=ActivityRecord{5c08cda u0 com.android.todolist/.MainActivity)/@0xcd9f6e2 - animation-bounds#0
02-29 23:36:55.689   846  1499 D OppoExLayer: setFlags sequence=70470, flags[0], mask[1], newFlags[0], name=Surface(name=ActivityRecord{5c08cda u0 com.android.todolist/.MainActivity)/@0xcd9f6e2 - animation-bounds#0
02-29 23:36:55.689   846  1499 D OppoExLayer: setLayer sequence=70471, z=28, new_z=28, name=Surface(name=ActivityRecord{1cd2945 u0 com.android.todolist/.ListActivity)/@0x15bc5ab - animation-leash#0
02-29 23:36:55.689   846  1499 D OppoExLayer: setAlpha sequence=70471, alpha=0.700000, name=Surface(name=ActivityRecord{1cd2945 u0 com.android.todolist/.ListActivity)/@0x15bc5ab - animation-leash#0
02-29 23:36:55.689   846  1499 D OppoExLayer: setMatrix sequence=70471, matrix[1.000000,0.000000,0.000000,1.000000] name=Surface(name=ActivityRecord{1cd2945 u0 com.android.todolist/.ListActivity)/@0x15bc5ab - animation-leash#0
02-29 23:36:55.689   846  1499 D OppoExLayer: setLayer sequence=70472, z=28, new_z=28, name=Surface(name=ActivityRecord{1cd2945 u0 com.android.todolist/.ListActivity)/@0x15bc5ab - animation-bounds#0
02-29 23:36:55.689   846  1499 D OppoExLayer: setFlags sequence=70472, flags[0], mask[1], newFlags[0], name=Surface(name=ActivityRecord{1cd2945 u0 com.android.todolist/.ListActivity)/@0x15bc5ab - animation-bounds#0
02-29 23:36:55.691 11447 11484 V ColorZoomWindowManagerService: onAnimationFinished:  r = ActivityRecord{5c08cda u0 com.android.todolist/.MainActivity t2690}
02-29 23:36:55.692 11447 11484 I ColorAppSwitchManagerService:  handleAppVisible , r = ActivityRecord{5c08cda u0 com.android.todolist/.MainActivity t2690}
02-29 23:36:55.693 11447 11484 V ColorZoomWindowManagerService: onAnimationFinished:  r = ActivityRecord{1cd2945 u0 com.android.todolist/.ListActivity t2690 f}}
02-29 23:36:55.695   846  1552 D OppoExLayer: setMatrix sequence=70466, matrix[1.000000,0.000000,0.000000,1.000000] name=com.android.todolist/com.android.todolist.MainActivity#0
02-29 23:36:55.695   846  1552 D OppoExLayer: setFlags sequence=70428, flags[1], mask[1], newFlags[1], name=ActivityRecord{1cd2945 u0 com.android.todolist/.ListActivity#0
02-29 23:36:55.695   846  1552 D OppoExLayer: setFlags sequence=70433, flags[1], mask[1], newFlags[3], name=com.android.todolist/com.android.todolist.ListActivity#0
02-29 23:36:55.704   846   846 D OppoExLayer: ~Layer() sequence=70469, name=Surface(name=ActivityRecord{5c08cda u0 com.android.todolist/.MainActivity)/@0xcd9f6e2 - animation-leash#0@0xb400007819f66000
02-29 23:36:55.704   846   846 D OppoExLayer: ~Layer() sequence=70470, name=Surface(name=ActivityRecord{5c08cda u0 com.android.todolist/.MainActivity)/@0xcd9f6e2 - animation-bounds#0@0xb40000782a0b6000
02-29 23:36:55.704   846   846 D OppoExLayer: ~Layer() sequence=70471, name=Surface(name=ActivityRecord{1cd2945 u0 com.android.todolist/.ListActivity)/@0x15bc5ab - animation-leash#0@0xb40000782a17a000
02-29 23:36:55.704   846   846 D OppoExLayer: ~Layer() sequence=70472, name=Surface(name=ActivityRecord{1cd2945 u0 com.android.todolist/.ListActivity)/@0x15bc5ab - animation-bounds#0@0xb40000782a185000
02-29 23:36:55.705 11447 13895 I InputDispatcher: Focus entered window: Window{d5e9a7e u0 com.android.todolist/com.android.todolist.MainActivity} in display 0
02-29 23:36:55.714   846   919 I BufferQueueProducer: [com.android.todolist/com.android.todolist.ListActivity#0](id:34e00003a8a,api:1,p:26734,c:846) disconnect(): api=1
02-29 23:36:55.720   846   846 D OppoExLayer: ~Layer() sequence=70432, name=ea5d497 com.android.todolist/com.android.todolist.ListActivity#0@0xb40000782a915000
02-29 23:36:55.720   846   846 I BufferQueueConsumer: [com.android.todolist/com.android.todolist.ListActivity#0](id:34e00003a8a,api:0,p:-1,c:846) disconnect()
02-29 23:36:55.720   846   846 I BufferQueue: [com.android.todolist/com.android.todolist.ListActivity#0](this:0xb400007819e8be58,id:14986,api:1,p:-1,c:-1) onDestructor()
02-29 23:36:55.721   846   846 D OppoExLayer: ~Layer() sequence=70433, name=com.android.todolist/com.android.todolist.ListActivity#0@0xb40000782a170000
02-29 23:36:55.722 11447 11474 I InputDispatcher: Window went away: com.android.todolist/com.android.todolist.ListActivity#0
02-29 23:36:55.722 11447 13895 D InputMethodManagerService: isSecurity: attribute.packageName=com.android.todolist
02-29 23:36:55.736   846   846 D OppoExLayer: ~Layer() sequence=70428, name=ActivityRecord{1cd2945 u0 com.android.todolist/.ListActivity#0@0xb400007849069000
02-29 23:36:56.520   846  1552 I SurfaceFlinger: [SF client] NEW(0xb40000782a84ecc0) for (26734:com.android.todolist)
02-29 23:36:56.526 11447 11474 D OppoDisplayPolicy: com.android.todolist, no change cutoutMode: 0
02-29 23:36:56.527 11447 11474 W WindowManager: Changing focus fromWindow{d5e9a7e u0 com.android.todolist/com.android.todolist.MainActivity} to Window{5dc0243 u0 PopupWindow:6f66962} displayId=0 Callers=com.android.server.wm.RootWindowContainer.updateFocusedWindowLocked:503 com.android.server.wm.WindowManagerService.updateFocusedWindowLocked:6074 com.android.server.wm.WindowManagerService.addWindow:1934 com.android.server.wm.Session.addToDisplayAsUser:184 
02-29 23:36:56.530 26734 26734 I chatty  : uid=10840(com.android.todolist) identical 4 lines
02-29 23:36:56.544 11447 11567 D OppoDisplayPolicy: com.android.todolist, no change cutoutMode: 0
02-29 23:36:56.548 11447 11474 I InputDispatcher: Focus left window: Window{d5e9a7e u0 com.android.todolist/com.android.todolist.MainActivity} in display 0
02-29 23:36:56.585   846  1499 D DispPerfService: onframeavailable pid=26734, slot=2, seq=70478, name=com.android.todolist:PopupWindow:6f66962#0
02-29 23:36:56.993 11447 11567 W NotificationService: Toast already killed. pkg=com.android.todolist token=android.os.BinderProxy@e2b7984
02-29 23:36:57.005   846   919 D OppoExLayer: setLayer sequence=70464, z=4, new_z=4, name=ActivityRecord{5c08cda u0 com.android.todolist/.MainActivity#0
02-29 23:36:57.513 11447 11567 I ActivityTaskManager: START u0 {cmp=com.android.todolist/.About mCallingUid=10840} from uid 10840 and from pid 26734
02-29 23:36:57.514 11447 11567 D ColorZoomWindowRUSConfigManager: isSupportZoomModeWithPolicyLocked: target = com.android.todolist/.About
02-29 23:36:57.514 11447 11567 D ColorZoomWindowRUSConfigManager: targetPkg = com.android.todolist
02-29 23:36:57.514 11447 11567 V ColorZoomWindowManagerService: unSupportZoom: false ,callingPid: 26734 ,sourceStack: Task{5676c51 #2690 visible=true type=standard mode=fullscreen translucent=true A=10840:com.android.todolist U=0 StackId=2690 sz=5}
02-29 23:36:57.515   846  1499 D DispPerfService: get hint proc=ActivityRecord{32cf6fa u0 com.android.todolist, idx=0 none
02-29 23:36:57.515   846  1499 E OppoExLayer: SCLTM hint=0x0, misSCLTMLayer=0, seq=70480, name=ActivityRecord{32cf6fa u0 com.android.todolist/.About#0
02-29 23:36:57.515   846  1499 D OppoExLayer: Layer() sequence=70480, name=ActivityRecord{32cf6fa u0 com.android.todolist/.About#0
02-29 23:36:57.516 11447 11567 D ColorZoomWindowRUSConfigManager: isSupportZoomModeWithPolicyLocked: target = com.android.todolist/.About
02-29 23:36:57.516 11447 11567 D ColorZoomWindowRUSConfigManager: targetPkg = com.android.todolist
02-29 23:36:57.516 11447 11567 V ColorZoomWindowManagerService: unSupportZoom: false ,callingPid: 26734 ,sourceStack: Task{5676c51 #2690 visible=true type=standard mode=fullscreen translucent=true A=10840:com.android.todolist U=0 StackId=2690 sz=6}
02-29 23:36:57.519   846  1499 D OppoExLayer: setLayer sequence=70480, z=5, new_z=5, name=ActivityRecord{32cf6fa u0 com.android.todolist/.About#0
02-29 23:36:57.522 11447 11567 D ActivityTaskManager: setWillCloseOrEnterPip:false ActivityRecord:ActivityRecord{5c08cda u0 com.android.todolist/.MainActivity t2690} callers:com.android.server.wm.ActivityStack.completePauseLocked:1337 com.android.server.wm.ActivityRecord.activityPaused:5371 com.android.server.wm.ActivityTaskManagerService.activityPaused:1998 android.app.IActivityTaskManager$Stub.onTransact:1956 com.android.server.wm.OppoActivityTaskManagerService.onTransact:174 
02-29 23:36:57.525   815   837 I mtkpower@impl: [notifyAppState] act com.android.todolist.MainActivity => com.android.todolist.About
02-29 23:36:57.532 11447 11567 D OppoDisplayPolicy: com.android.todolist, no change cutoutMode: 0
02-29 23:36:57.557 11447 11567 I InputDispatcher: Window went away: Window{d5e9a7e u0 com.android.todolist/com.android.todolist.MainActivity}
02-29 23:36:57.577   846  1499 I SurfaceFlinger: [SF client] NEW(0xb400007844dc0dc0) for (26734:com.android.todolist)
02-29 23:36:57.581 11447 11567 D OppoDisplayPolicy: com.android.todolist, no change cutoutMode: 0
02-29 23:36:57.582   846   919 D DispPerfService: get hint proc=83112aa com.android.todolist, idx=0 none
02-29 23:36:57.582   846   919 E OppoExLayer: SCLTM hint=0x0, misSCLTMLayer=0, seq=70483, name=83112aa com.android.todolist/com.android.todolist.About#0
02-29 23:36:57.582   846   919 D OppoExLayer: Layer() sequence=70483, name=83112aa com.android.todolist/com.android.todolist.About#0
02-29 23:36:57.585 26734 26734 I chatty  : uid=10840(com.android.todolist) identical 4 lines
02-29 23:36:57.590   846   919 D OppoExLayer: setFlags sequence=70483, flags[0], mask[1], newFlags[0], name=83112aa com.android.todolist/com.android.todolist.About#0
02-29 23:36:57.612 11447 13895 D OppoDisplayPolicy: com.android.todolist, no change cutoutMode: 0
02-29 23:36:57.612 11447 13895 I WindowManager: Relayout Window{83112aa u0 com.android.todolist/com.android.todolist.About}: oldVis=4 newVis=0 focusMayChange = true
02-29 23:36:57.614   846   919 D DispPerfService: get hint proc=com.android.todolist, idx=0 none
02-29 23:36:57.614   846   919 E OppoExLayer: SCLTM hint=0x0, misSCLTMLayer=0, seq=70484, name=com.android.todolist/com.android.todolist.About#0
02-29 23:36:57.614   846   919 D OppoExLayer: Layer() sequence=70484, name=com.android.todolist/com.android.todolist.About#0
02-29 23:36:57.616 11447 13895 W WindowManager: Changing focus fromnull to Window{83112aa u0 com.android.todolist/com.android.todolist.About} displayId=0 Callers=com.android.server.wm.RootWindowContainer.updateFocusedWindowLocked:503 com.android.server.wm.WindowManagerService.updateFocusedWindowLocked:6074 com.android.server.wm.WindowManagerService.relayoutWindow:2704 com.android.server.wm.Session.relayout:229 
02-29 23:36:57.622   846   919 I BufferQueueProducer: [com.android.todolist/com.android.todolist.About#0](id:34e00003a90,api:1,p:26734,c:846) connect(): api=1 producerControlledByApp=false
02-29 23:36:57.624   846   919 D OppoExLayer: setAlpha sequence=70484, alpha=1.000000, name=com.android.todolist/com.android.todolist.About#0
02-29 23:36:57.624   846   919 D OppoExLayer: setMatrix sequence=70484, matrix[1.000000,0.000000,0.000000,1.000000] name=com.android.todolist/com.android.todolist.About#0
02-29 23:36:57.624   846   919 D OppoExLayer: setCrop sequence=70484, seq[2], crop[0,0:1080,2400], cc[0,0:1080,2400] name=com.android.todolist/com.android.todolist.About#0
02-29 23:36:57.637   846  1499 D DispPerfService: onframeavailable pid=26734, slot=2, seq=70484, name=com.android.todolist:com.android.todolist/com.android.todolist.About#0
02-29 23:36:57.639   846  1499 D OppoExLayer: setAlpha sequence=70484, alpha=1.000000, name=com.android.todolist/com.android.todolist.About#0
02-29 23:36:57.639   846  1499 D OppoExLayer: setMatrix sequence=70484, matrix[1.000000,0.000000,0.000000,1.000000] name=com.android.todolist/com.android.todolist.About#0
02-29 23:36:57.640 11447 13895 I InputDispatcher: Window went away: com.android.todolist/com.android.todolist.About#0
02-29 23:36:57.641   846  1499 D DispPerfService: get hint proc=Surface(name=ActivityRecord{32cf6fa u0 com.android.todolist, idx=0 none
02-29 23:36:57.641   846  1499 E OppoExLayer: SCLTM hint=0x0, misSCLTMLayer=0, seq=70487, name=Surface(name=ActivityRecord{32cf6fa u0 com.android.todolist/.About)/@0x1598a05 - animation-leash#0
02-29 23:36:57.641   846  1499 D OppoExLayer: Layer() sequence=70487, name=Surface(name=ActivityRecord{32cf6fa u0 com.android.todolist/.About)/@0x1598a05 - animation-leash#0
02-29 23:36:57.642   846   919 D DispPerfService: get hint proc=Surface(name=ActivityRecord{32cf6fa u0 com.android.todolist, idx=0 none
02-29 23:36:57.642   846   919 E OppoExLayer: SCLTM hint=0x0, misSCLTMLayer=0, seq=70488, name=Surface(name=ActivityRecord{32cf6fa u0 com.android.todolist/.About)/@0x1598a05 - animation-bounds#0
02-29 23:36:57.642   846   919 D OppoExLayer: Layer() sequence=70488, name=Surface(name=ActivityRecord{32cf6fa u0 com.android.todolist/.About)/@0x1598a05 - animation-bounds#0
02-29 23:36:57.642 11447 11484 D ColorZoomWindowManagerService: adjustWindowCropForLeash start: appToken = ActivityRecord{32cf6fa u0 com.android.todolist/.About t2690}
02-29 23:36:57.644   846   919 D DispPerfService: get hint proc=Surface(name=ActivityRecord{5c08cda u0 com.android.todolist, idx=0 none
02-29 23:36:57.644   846   919 E OppoExLayer: SCLTM hint=0x0, misSCLTMLayer=0, seq=70489, name=Surface(name=ActivityRecord{5c08cda u0 com.android.todolist/.MainActivity)/@0xcd9f6e2 - animation-leash#0
02-29 23:36:57.644   846   919 D OppoExLayer: Layer() sequence=70489, name=Surface(name=ActivityRecord{5c08cda u0 com.android.todolist/.MainActivity)/@0xcd9f6e2 - animation-leash#0
02-29 23:36:57.645   846   919 D DispPerfService: get hint proc=Surface(name=ActivityRecord{5c08cda u0 com.android.todolist, idx=0 none
02-29 23:36:57.645   846   919 E OppoExLayer: SCLTM hint=0x0, misSCLTMLayer=0, seq=70490, name=Surface(name=ActivityRecord{5c08cda u0 com.android.todolist/.MainActivity)/@0xcd9f6e2 - animation-bounds#0
02-29 23:36:57.645   846   919 D OppoExLayer: Layer() sequence=70490, name=Surface(name=ActivityRecord{5c08cda u0 com.android.todolist/.MainActivity)/@0xcd9f6e2 - animation-bounds#0
02-29 23:36:57.645 11447 11484 D ColorZoomWindowManagerService: adjustWindowCropForLeash start: appToken = ActivityRecord{5c08cda u0 com.android.todolist/.MainActivity t2690}
02-29 23:36:57.647 11447 11526 I ActivityTaskManager: Displayed com.android.todolist/.About: +134ms
02-29 23:36:57.649   846   919 D OppoExLayer: setAlpha sequence=70484, alpha=1.000000, name=com.android.todolist/com.android.todolist.About#0
02-29 23:36:57.649   846   919 D OppoExLayer: setMatrix sequence=70484, matrix[1.000000,0.000000,0.000000,1.000000] name=com.android.todolist/com.android.todolist.About#0
02-29 23:36:57.649   846   919 D OppoExLayer: setFlags sequence=70484, flags[0], mask[1], newFlags[2], name=com.android.todolist/com.android.todolist.About#0
02-29 23:36:57.649   846   919 D OppoExLayer: setLayer sequence=70487, z=800570030, new_z=800570030, name=Surface(name=ActivityRecord{32cf6fa u0 com.android.todolist/.About)/@0x1598a05 - animation-leash#0
02-29 23:36:57.649   846   919 D OppoExLayer: setAlpha sequence=70487, alpha=1.000000, name=Surface(name=ActivityRecord{32cf6fa u0 com.android.todolist/.About)/@0x1598a05 - animation-leash#0
02-29 23:36:57.649   846   919 D OppoExLayer: setMatrix sequence=70487, matrix[1.000000,0.000000,0.000000,1.000000] name=Surface(name=ActivityRecord{32cf6fa u0 com.android.todolist/.About)/@0x1598a05 - animation-leash#0
02-29 23:36:57.649   846   919 D OppoExLayer: setFlags sequence=70487, flags[0], mask[1], newFlags[0], name=Surface(name=ActivityRecord{32cf6fa u0 com.android.todolist/.About)/@0x1598a05 - animation-leash#0
02-29 23:36:57.649   846   919 D OppoExLayer: setCrop sequence=70487, seq[4], crop[0,0:1080,2400], cc[0,0:1080,2400] name=Surface(name=ActivityRecord{32cf6fa u0 com.android.todolist/.About)/@0x1598a05 - animation-leash#0
02-29 23:36:57.649   846   919 D OppoExLayer: setFlags sequence=70480, flags[0], mask[1], newFlags[0], name=ActivityRecord{32cf6fa u0 com.android.todolist/.About#0
02-29 23:36:57.649   846   919 D OppoExLayer: setLayer sequence=70489, z=28, new_z=28, name=Surface(name=ActivityRecord{5c08cda u0 com.android.todolist/.MainActivity)/@0xcd9f6e2 - animation-leash#0
02-29 23:36:57.649   846   919 D OppoExLayer: setAlpha sequence=70489, alpha=0.700000, name=Surface(name=ActivityRecord{5c08cda u0 com.android.todolist/.MainActivity)/@0xcd9f6e2 - animation-leash#0
02-29 23:36:57.649   846   919 D OppoExLayer: setMatrix sequence=70489, matrix[1.000000,0.000000,0.000000,1.000000] name=Surface(name=ActivityRecord{5c08cda u0 com.android.todolist/.MainActivity)/@0xcd9f6e2 - animation-leash#0
02-29 23:36:57.649   846   919 D OppoExLayer: setCrop sequence=70489, seq[5], crop[0,0:1080,2400], cc[0,0:1080,2400] name=Surface(name=ActivityRecord{5c08cda u0 com.android.todolist/.MainActivity)/@0xcd9f6e2 - animation-leash#0
02-29 23:36:57.649   846   919 D OppoExLayer: setLayer sequence=70490, z=28, new_z=28, name=Surface(name=ActivityRecord{5c08cda u0 com.android.todolist/.MainActivity)/@0xcd9f6e2 - animation-bounds#0
02-29 23:36:57.649   846   919 D OppoExLayer: setFlags sequence=70490, flags[0], mask[1], newFlags[0], name=Surface(name=ActivityRecord{5c08cda u0 com.android.todolist/.MainActivity)/@0xcd9f6e2 - animation-bounds#0
02-29 23:36:57.649   846   919 D OppoExLayer: setLayer sequence=70488, z=800570030, new_z=800570030, name=Surface(name=ActivityRecord{32cf6fa u0 com.android.todolist/.About)/@0x1598a05 - animation-bounds#0
02-29 23:36:57.649   846   919 D OppoExLayer: setFlags sequence=70488, flags[0], mask[1], newFlags[0], name=Surface(name=ActivityRecord{32cf6fa u0 com.android.todolist/.About)/@0x1598a05 - animation-bounds#0
02-29 23:36:57.650   846   919 D OppoExLayer: setMatrix sequence=70484, matrix[1.000000,0.000000,0.000000,1.000000] name=com.android.todolist/com.android.todolist.About#0
02-29 23:36:57.655 11447 13895 I InputDispatcher: Focus entered window: Window{83112aa u0 com.android.todolist/com.android.todolist.About} in display 0
02-29 23:36:57.655   846   919 D OppoExLayer: setAlpha sequence=70487, alpha=1.000000, name=Surface(name=ActivityRecord{32cf6fa u0 com.android.todolist/.About)/@0x1598a05 - animation-leash#0
02-29 23:36:57.655   846   919 D OppoExLayer: setMatrix sequence=70487, matrix[1.000000,0.000000,0.000000,1.000000] name=Surface(name=ActivityRecord{32cf6fa u0 com.android.todolist/.About)/@0x1598a05 - animation-leash#0
02-29 23:36:57.655   846   919 D OppoExLayer: setAlpha sequence=70489, alpha=0.700000, name=Surface(name=ActivityRecord{5c08cda u0 com.android.todolist/.MainActivity)/@0xcd9f6e2 - animation-leash#0
02-29 23:36:57.655   846   919 D OppoExLayer: setMatrix sequence=70489, matrix[1.000000,0.000000,0.000000,1.000000] name=Surface(name=ActivityRecord{5c08cda u0 com.android.todolist/.MainActivity)/@0xcd9f6e2 - animation-leash#0
02-29 23:36:57.657 11447 11484 V ColorZoomWindowManagerService: onAnimationFinished:  r = ActivityRecord{5c08cda u0 com.android.todolist/.MainActivity t2690}
02-29 23:36:57.657 11447 11484 V ColorZoomWindowManagerService: onAnimationFinished:  r = ActivityRecord{32cf6fa u0 com.android.todolist/.About t2690}
02-29 23:36:57.657 11447 11484 I ColorAppSwitchManagerService:  handleAppVisible , r = ActivityRecord{32cf6fa u0 com.android.todolist/.About t2690}
02-29 23:36:57.658 11447 13895 D InputMethodManagerService: isSecurity: attribute.packageName=com.android.todolist
02-29 23:36:57.658   846   919 D OppoExLayer: setFlags sequence=70464, flags[1], mask[1], newFlags[1], name=ActivityRecord{5c08cda u0 com.android.todolist/.MainActivity#0
02-29 23:36:57.658   846   919 D OppoExLayer: setFlags sequence=70466, flags[1], mask[1], newFlags[3], name=com.android.todolist/com.android.todolist.MainActivity#0
02-29 23:36:57.672   846   846 D OppoExLayer: ~Layer() sequence=70490, name=Surface(name=ActivityRecord{5c08cda u0 com.android.todolist/.MainActivity)/@0xcd9f6e2 - animation-bounds#0@0xb40000782a1cc000
02-29 23:36:57.672   846   846 D OppoExLayer: ~Layer() sequence=70489, name=Surface(name=ActivityRecord{5c08cda u0 com.android.todolist/.MainActivity)/@0xcd9f6e2 - animation-leash#0@0xb40000782a185000
02-29 23:36:57.672   846   846 D OppoExLayer: ~Layer() sequence=70488, name=Surface(name=ActivityRecord{32cf6fa u0 com.android.todolist/.About)/@0x1598a05 - animation-bounds#0@0xb40000782a17a000
02-29 23:36:57.672   846   846 D OppoExLayer: ~Layer() sequence=70487, name=Surface(name=ActivityRecord{32cf6fa u0 com.android.todolist/.About)/@0x1598a05 - animation-leash#0@0xb400007839fa4000
02-29 23:36:57.678   846  1552 I BufferQueueProducer: [com.android.todolist/com.android.todolist.MainActivity#0](id:34e00003a8e,api:1,p:26734,c:846) disconnect(): api=1
02-29 23:36:57.706 11447 11474 D OppoDisplayPolicy: com.android.todolist, no change cutoutMode: 0
02-29 23:36:57.722 11447 11567 I InputDispatcher: Window went away: com.android.todolist/com.android.todolist.MainActivity#0
02-29 23:36:57.738   846   846 I BufferQueueConsumer: [com.android.todolist/com.android.todolist.MainActivity#0](id:34e00003a8e,api:0,p:-1,c:846) disconnect()
02-29 23:36:57.738   846   846 I BufferQueue: [com.android.todolist/com.android.todolist.MainActivity#0](this:0xb4000078daec3658,id:14990,api:1,p:-1,c:-1) onDestructor()
02-29 23:36:57.738   846   846 D OppoExLayer: ~Layer() sequence=70466, name=com.android.todolist/com.android.todolist.MainActivity#0@0xb40000782a9ef000
02-29 23:37:00.210 11447 13895 V ColorZoomWindowManagerService: prepareZoomTransition: curStack=Task{5676c51 #2690 visible=true type=standard mode=fullscreen translucent=true A=10840:com.android.todolist U=0 StackId=2690 sz=6}   nextStackTask{5676c51 #2690 visible=true type=standard mode=fullscreen translucent=true A=10840:com.android.todolist U=0 StackId=2690 sz=6}
02-29 23:37:00.222 11447 11473 D ActivityTaskManager: setWillCloseOrEnterPip:false ActivityRecord:ActivityRecord{32cf6fa u0 com.android.todolist/.About t2690 f}} callers:com.android.server.wm.ActivityStack.completePauseLocked:1337 com.android.server.wm.ActivityRecord.activityPaused:5371 com.android.server.wm.ActivityTaskManagerService.activityPaused:1998 android.app.IActivityTaskManager$Stub.onTransact:1956 com.android.server.wm.OppoActivityTaskManagerService.onTransact:174 
02-29 23:37:00.225 11447 11473 I InputDispatcher: setFocusedApplication displayId=0 ActivityRecord{5c08cda u0 com.android.todolist/.MainActivity t2690}
02-29 23:37:00.225   815   837 I mtkpower@impl: [notifyAppState] act com.android.todolist.About => com.android.todolist.MainActivity
02-29 23:37:00.226 11447 11473 W WindowManager: Changing focus fromWindow{83112aa u0 com.android.todolist/com.android.todolist.About} to null displayId=0 Callers=com.android.server.wm.RootWindowContainer.updateFocusedWindowLocked:503 com.android.server.wm.WindowManagerService.updateFocusedWindowLocked:6074 com.android.server.wm.DisplayContent.setFocusedApp:5969 com.android.server.wm.ActivityTaskManagerService.setResumedActivityUncheckLocked:5837 
02-29 23:37:00.236 11447 11473 I InputDispatcher: Focus left window: Window{83112aa u0 com.android.todolist/com.android.todolist.About} in display 0
02-29 23:37:00.236 11447 11473 I InputDispatcher: Window went away: Window{83112aa u0 com.android.todolist/com.android.todolist.About}
02-29 23:37:00.255 11447 11473 D OppoDisplayPolicy: com.android.todolist, no change cutoutMode: 0
02-29 23:37:00.255 11447 11473 I WindowManager: Relayout Window{d5e9a7e u0 com.android.todolist/com.android.todolist.MainActivity}: oldVis=8 newVis=0 focusMayChange = true
02-29 23:37:00.258   846  1499 D DispPerfService: get hint proc=com.android.todolist, idx=0 none
02-29 23:37:00.258   846  1499 E OppoExLayer: SCLTM hint=0x0, misSCLTMLayer=0, seq=70492, name=com.android.todolist/com.android.todolist.MainActivity#0
02-29 23:37:00.258   846  1499 D OppoExLayer: Layer() sequence=70492, name=com.android.todolist/com.android.todolist.MainActivity#0
02-29 23:37:00.260 11447 11473 W WindowManager: Changing focus fromnull to Window{d5e9a7e u0 com.android.todolist/com.android.todolist.MainActivity} displayId=0 Callers=com.android.server.wm.RootWindowContainer.updateFocusedWindowLocked:503 com.android.server.wm.WindowManagerService.updateFocusedWindowLocked:6074 com.android.server.wm.WindowManagerService.relayoutWindow:2704 com.android.server.wm.Session.relayout:229 
02-29 23:37:00.266   846  1499 I BufferQueueProducer: [com.android.todolist/com.android.todolist.MainActivity#0](id:34e00003a91,api:1,p:26734,c:846) connect(): api=1 producerControlledByApp=false
02-29 23:37:00.269   846  3222 D OppoExLayer: setAlpha sequence=70492, alpha=1.000000, name=com.android.todolist/com.android.todolist.MainActivity#0
02-29 23:37:00.269   846  3222 D OppoExLayer: setMatrix sequence=70492, matrix[1.000000,0.000000,0.000000,1.000000] name=com.android.todolist/com.android.todolist.MainActivity#0
02-29 23:37:00.269   846  3222 D OppoExLayer: setCrop sequence=70492, seq[2], crop[0,0:1080,2400], cc[0,0:1080,2400] name=com.android.todolist/com.android.todolist.MainActivity#0
02-29 23:37:00.274   846  1552 D DispPerfService: onframeavailable pid=26734, slot=0, seq=70492, name=com.android.todolist:com.android.todolist/com.android.todolist.MainActivity#0
02-29 23:37:00.276   846  1552 D OppoExLayer: setAlpha sequence=70492, alpha=1.000000, name=com.android.todolist/com.android.todolist.MainActivity#0
02-29 23:37:00.276   846  1552 D OppoExLayer: setMatrix sequence=70492, matrix[1.000000,0.000000,0.000000,1.000000] name=com.android.todolist/com.android.todolist.MainActivity#0
02-29 23:37:00.279   846  1552 D DispPerfService: get hint proc=Surface(name=ActivityRecord{5c08cda u0 com.android.todolist, idx=0 none
02-29 23:37:00.279   846  1552 E OppoExLayer: SCLTM hint=0x0, misSCLTMLayer=0, seq=70495, name=Surface(name=ActivityRecord{5c08cda u0 com.android.todolist/.MainActivity)/@0xcd9f6e2 - animation-leash#0
02-29 23:37:00.279   846  1552 D OppoExLayer: Layer() sequence=70495, name=Surface(name=ActivityRecord{5c08cda u0 com.android.todolist/.MainActivity)/@0xcd9f6e2 - animation-leash#0
02-29 23:37:00.280   846  1552 D DispPerfService: get hint proc=Surface(name=ActivityRecord{5c08cda u0 com.android.todolist, idx=0 none
02-29 23:37:00.280   846  1552 E OppoExLayer: SCLTM hint=0x0, misSCLTMLayer=0, seq=70496, name=Surface(name=ActivityRecord{5c08cda u0 com.android.todolist/.MainActivity)/@0xcd9f6e2 - animation-bounds#0
02-29 23:37:00.280   846  1552 D OppoExLayer: Layer() sequence=70496, name=Surface(name=ActivityRecord{5c08cda u0 com.android.todolist/.MainActivity)/@0xcd9f6e2 - animation-bounds#0
02-29 23:37:00.280 11447 11484 D ColorZoomWindowManagerService: adjustWindowCropForLeash start: appToken = ActivityRecord{5c08cda u0 com.android.todolist/.MainActivity t2690}
02-29 23:37:00.281   846  1552 D DispPerfService: get hint proc=Surface(name=ActivityRecord{32cf6fa u0 com.android.todolist, idx=0 none
02-29 23:37:00.281   846  1552 E OppoExLayer: SCLTM hint=0x0, misSCLTMLayer=0, seq=70497, name=Surface(name=ActivityRecord{32cf6fa u0 com.android.todolist/.About)/@0x1598a05 - animation-leash#0
02-29 23:37:00.281   846  1552 D OppoExLayer: Layer() sequence=70497, name=Surface(name=ActivityRecord{32cf6fa u0 com.android.todolist/.About)/@0x1598a05 - animation-leash#0
02-29 23:37:00.282   846  1552 D DispPerfService: get hint proc=Surface(name=ActivityRecord{32cf6fa u0 com.android.todolist, idx=0 none
02-29 23:37:00.282   846  1552 E OppoExLayer: SCLTM hint=0x0, misSCLTMLayer=0, seq=70498, name=Surface(name=ActivityRecord{32cf6fa u0 com.android.todolist/.About)/@0x1598a05 - animation-bounds#0
02-29 23:37:00.282   846  1552 D OppoExLayer: Layer() sequence=70498, name=Surface(name=ActivityRecord{32cf6fa u0 com.android.todolist/.About)/@0x1598a05 - animation-bounds#0
02-29 23:37:00.282 11447 11484 D ColorZoomWindowManagerService: adjustWindowCropForLeash start: appToken = ActivityRecord{32cf6fa u0 com.android.todolist/.About t2690 f}}
02-29 23:37:00.284   846  1552 D OppoExLayer: setAlpha sequence=70492, alpha=1.000000, name=com.android.todolist/com.android.todolist.MainActivity#0
02-29 23:37:00.284   846  1552 D OppoExLayer: setMatrix sequence=70492, matrix[1.000000,0.000000,0.000000,1.000000] name=com.android.todolist/com.android.todolist.MainActivity#0
02-29 23:37:00.284   846  1552 D OppoExLayer: setFlags sequence=70492, flags[0], mask[1], newFlags[2], name=com.android.todolist/com.android.todolist.MainActivity#0
02-29 23:37:00.284   846  1552 D OppoExLayer: setLayer sequence=70495, z=28, new_z=28, name=Surface(name=ActivityRecord{5c08cda u0 com.android.todolist/.MainActivity)/@0xcd9f6e2 - animation-leash#0
02-29 23:37:00.284   846  1552 D OppoExLayer: setAlpha sequence=70495, alpha=1.000000, name=Surface(name=ActivityRecord{5c08cda u0 com.android.todolist/.MainActivity)/@0xcd9f6e2 - animation-leash#0
02-29 23:37:00.284   846  1552 D OppoExLayer: setMatrix sequence=70495, matrix[1.000000,0.000000,0.000000,1.000000] name=Surface(name=ActivityRecord{5c08cda u0 com.android.todolist/.MainActivity)/@0xcd9f6e2 - animation-leash#0
02-29 23:37:00.284   846  1552 D OppoExLayer: setFlags sequence=70495, flags[0], mask[1], newFlags[0], name=Surface(name=ActivityRecord{5c08cda u0 com.android.todolist/.MainActivity)/@0xcd9f6e2 - animation-leash#0
02-29 23:37:00.284   846  1552 D OppoExLayer: setCrop sequence=70495, seq[4], crop[0,0:1080,2400], cc[0,0:1080,2400] name=Surface(name=ActivityRecord{5c08cda u0 com.android.todolist/.MainActivity)/@0xcd9f6e2 - animation-leash#0
02-29 23:37:00.284   846  1552 D OppoExLayer: setFlags sequence=70464, flags[0], mask[1], newFlags[0], name=ActivityRecord{5c08cda u0 com.android.todolist/.MainActivity#0
02-29 23:37:00.284   846  1552 D OppoExLayer: setLayer sequence=70496, z=28, new_z=28, name=Surface(name=ActivityRecord{5c08cda u0 com.android.todolist/.MainActivity)/@0xcd9f6e2 - animation-bounds#0
02-29 23:37:00.284   846  1552 D OppoExLayer: setFlags sequence=70496, flags[0], mask[1], newFlags[0], name=Surface(name=ActivityRecord{5c08cda u0 com.android.todolist/.MainActivity)/@0xcd9f6e2 - animation-bounds#0
02-29 23:37:00.284   846  1552 D OppoExLayer: setLayer sequence=70497, z=800570030, new_z=800570030, name=Surface(name=ActivityRecord{32cf6fa u0 com.android.todolist/.About)/@0x1598a05 - animation-leash#0
02-29 23:37:00.284   846  1552 D OppoExLayer: setAlpha sequence=70497, alpha=0.000000, name=Surface(name=ActivityRecord{32cf6fa u0 com.android.todolist/.About)/@0x1598a05 - animation-leash#0
02-29 23:37:00.284   846  1552 D OppoExLayer: setMatrix sequence=70497, matrix[1.000000,0.000000,0.000000,1.000000] name=Surface(name=ActivityRecord{32cf6fa u0 com.android.todolist/.About)/@0x1598a05 - animation-leash#0
02-29 23:37:00.284   846  1552 D OppoExLayer: setCrop sequence=70497, seq[5], crop[0,0:1080,2400], cc[0,0:1080,2400] name=Surface(name=ActivityRecord{32cf6fa u0 com.android.todolist/.About)/@0x1598a05 - animation-leash#0
02-29 23:37:00.285   846  1552 D OppoExLayer: setLayer sequence=70498, z=800570030, new_z=800570030, name=Surface(name=ActivityRecord{32cf6fa u0 com.android.todolist/.About)/@0x1598a05 - animation-bounds#0
02-29 23:37:00.285   846  1552 D OppoExLayer: setFlags sequence=70498, flags[0], mask[1], newFlags[0], name=Surface(name=ActivityRecord{32cf6fa u0 com.android.todolist/.About)/@0x1598a05 - animation-bounds#0
02-29 23:37:00.285   846  3222 D OppoExLayer: setAlpha sequence=70497, alpha=0.000000, name=Surface(name=ActivityRecord{32cf6fa u0 com.android.todolist/.About)/@0x1598a05 - animation-leash#0
02-29 23:37:00.285   846  3222 D OppoExLayer: setMatrix sequence=70497, matrix[1.000000,0.000000,0.000000,1.000000] name=Surface(name=ActivityRecord{32cf6fa u0 com.android.todolist/.About)/@0x1598a05 - animation-leash#0
02-29 23:37:00.285   846  3222 D OppoExLayer: setAlpha sequence=70495, alpha=1.000000, name=Surface(name=ActivityRecord{5c08cda u0 com.android.todolist/.MainActivity)/@0xcd9f6e2 - animation-leash#0
02-29 23:37:00.285   846  3222 D OppoExLayer: setMatrix sequence=70495, matrix[1.000000,0.000000,0.000000,1.000000] name=Surface(name=ActivityRecord{5c08cda u0 com.android.todolist/.MainActivity)/@0xcd9f6e2 - animation-leash#0
02-29 23:37:00.286 11447 11473 I InputDispatcher: Focus entered window: Window{d5e9a7e u0 com.android.todolist/com.android.todolist.MainActivity} in display 0
02-29 23:37:00.286 11447 11473 I InputDispatcher: Window went away: com.android.todolist/com.android.todolist.MainActivity#0
02-29 23:37:00.288   846  3222 D OppoExLayer: setMatrix sequence=70492, matrix[1.000000,0.000000,0.000000,1.000000] name=com.android.todolist/com.android.todolist.MainActivity#0
02-29 23:37:00.289 11447 11484 V ColorZoomWindowManagerService: onAnimationFinished:  r = ActivityRecord{5c08cda u0 com.android.todolist/.MainActivity t2690}
02-29 23:37:00.289 11447 11484 I ColorAppSwitchManagerService:  handleAppVisible , r = ActivityRecord{5c08cda u0 com.android.todolist/.MainActivity t2690}
02-29 23:37:00.290 11447 11484 V ColorZoomWindowManagerService: onAnimationFinished:  r = ActivityRecord{32cf6fa u0 com.android.todolist/.About t2690 f}}
02-29 23:37:00.292   846  3222 D OppoExLayer: setFlags sequence=70480, flags[1], mask[1], newFlags[1], name=ActivityRecord{32cf6fa u0 com.android.todolist/.About#0
02-29 23:37:00.292   846  3222 D OppoExLayer: setFlags sequence=70484, flags[1], mask[1], newFlags[3], name=com.android.todolist/com.android.todolist.About#0
02-29 23:37:00.302   846   846 D OppoExLayer: ~Layer() sequence=70496, name=Surface(name=ActivityRecord{5c08cda u0 com.android.todolist/.MainActivity)/@0xcd9f6e2 - animation-bounds#0@0xb40000782a0f1000
02-29 23:37:00.302   846   846 D OppoExLayer: ~Layer() sequence=70495, name=Surface(name=ActivityRecord{5c08cda u0 com.android.todolist/.MainActivity)/@0xcd9f6e2 - animation-leash#0@0xb40000782a0ea000
02-29 23:37:00.302   846   846 D OppoExLayer: ~Layer() sequence=70498, name=Surface(name=ActivityRecord{32cf6fa u0 com.android.todolist/.About)/@0x1598a05 - animation-bounds#0@0xb400007819f80000
02-29 23:37:00.302   846   846 D OppoExLayer: ~Layer() sequence=70497, name=Surface(name=ActivityRecord{32cf6fa u0 com.android.todolist/.About)/@0x1598a05 - animation-leash#0@0xb400007849069000
02-29 23:37:00.304   846  3222 I BufferQueueProducer: [com.android.todolist/com.android.todolist.About#0](id:34e00003a90,api:1,p:26734,c:846) disconnect(): api=1
02-29 23:37:00.316 11447 11473 D InputMethodManagerService: isSecurity: attribute.packageName=com.android.todolist
02-29 23:37:00.335   846   846 D OppoExLayer: ~Layer() sequence=70483, name=83112aa com.android.todolist/com.android.todolist.About#0@0xb40000782a8ab000
