02-29 23:37:00.335   846   846 I BufferQueueConsumer: [com.android.todolist/com.android.todolist.About#0](id:34e00003a90,api:0,p:-1,c:846) disconnect()
02-29 23:37:00.335   846   846 I BufferQueue: [com.android.todolist/com.android.todolist.About#0](this:0xb40000782a99fa58,id:14992,api:1,p:-1,c:-1) onDestructor()
02-29 23:37:00.335   846   846 D OppoExLayer: ~Layer() sequence=70484, name=com.android.todolist/com.android.todolist.About#0@0xb40000782a948000
02-29 23:37:00.337 11447 13893 I InputDispatcher: Window went away: com.android.todolist/com.android.todolist.About#0
02-29 23:37:00.368   846   846 D OppoExLayer: ~Layer() sequence=70480, name=ActivityRecord{32cf6fa u0 com.android.todolist/.About#0@0xb400007839eec000
02-29 23:37:04.345   846  3222 I SurfaceFlinger: [SF client] NEW(0xb40000782a84f740) for (26734:com.android.todolist)
02-29 23:37:04.351 11447 13895 D OppoDisplayPolicy: com.android.todolist, no change cutoutMode: 0
02-29 23:37:04.352   846  3222 D DispPerfService: get hint proc=c620e46 com.android.todolist, idx=0 none
02-29 23:37:04.352   846  3222 E OppoExLayer: SCLTM hint=0x0, misSCLTMLayer=0, seq=70500, name=c620e46 com.android.todolist/com.android.todolist.MainActivity#0
02-29 23:37:04.352   846  3222 D OppoExLayer: Layer() sequence=70500, name=c620e46 com.android.todolist/com.android.todolist.MainActivity#0
02-29 23:37:04.353 11447 13895 W WindowManager: Changing focus fromWindow{d5e9a7e u0 com.android.todolist/com.android.todolist.MainActivity} to Window{c620e46 u0 com.android.todolist/com.android.todolist.MainActivity} displayId=0 Callers=com.android.server.wm.RootWindowContainer.updateFocusedWindowLocked:503 com.android.server.wm.WindowManagerService.updateFocusedWindowLocked:6074 com.android.server.wm.WindowManagerService.addWindow:1934 com.android.server.wm.Session.addToDisplayAsUser:184 
02-29 23:37:04.357 26734 26734 I chatty  : uid=10840(com.android.todolist) identical 1 line
02-29 23:37:04.357   846  3222 D OppoExLayer: setLayer sequence=70500, z=1, new_z=1, name=c620e46 com.android.todolist/com.android.todolist.MainActivity#0
02-29 23:37:04.357   846  3222 D OppoExLayer: setFlags sequence=70500, flags[0], mask[1], newFlags[0], name=c620e46 com.android.todolist/com.android.todolist.MainActivity#0
02-29 23:37:04.370 11447 11473 D OppoDisplayPolicy: com.android.todolist, no change cutoutMode: 0
02-29 23:37:04.380   846  3222 D DispPerfService: get hint proc=com.android.todolist, idx=0 none
02-29 23:37:04.380   846  3222 E OppoExLayer: SCLTM hint=0x0, misSCLTMLayer=0, seq=70503, name=com.android.todolist/com.android.todolist.MainActivity#1
02-29 23:37:04.380   846  3222 D OppoExLayer: Layer() sequence=70503, name=com.android.todolist/com.android.todolist.MainActivity#1
02-29 23:37:04.384   846  3222 D OppoExLayer: setAlpha sequence=70503, alpha=1.000000, name=com.android.todolist/com.android.todolist.MainActivity#1
02-29 23:37:04.384   846  3222 D OppoExLayer: setMatrix sequence=70503, matrix[1.000000,0.000000,0.000000,1.000000] name=com.android.todolist/com.android.todolist.MainActivity#1
02-29 23:37:04.384   846  3222 D OppoExLayer: setCrop sequence=70503, seq[2], crop[0,0:1218,759], cc[0,0:1218,759] name=com.android.todolist/com.android.todolist.MainActivity#1
02-29 23:37:04.388 11447 11473 I InputDispatcher: Focus left window: Window{d5e9a7e u0 com.android.todolist/com.android.todolist.MainActivity} in display 0
02-29 23:37:04.389   846  3222 D OppoExLayer: setAlpha sequence=70503, alpha=1.000000, name=com.android.todolist/com.android.todolist.MainActivity#1
02-29 23:37:04.389   846  3222 D OppoExLayer: setMatrix sequence=70503, matrix[1.000000,0.000000,0.000000,1.000000] name=com.android.todolist/com.android.todolist.MainActivity#1
02-29 23:37:04.391   846  3222 I BufferQueueProducer: [com.android.todolist/com.android.todolist.MainActivity#1](id:34e00003a92,api:1,p:26734,c:846) connect(): api=1 producerControlledByApp=false
02-29 23:37:04.404 11447 11473 I InputDispatcher: Window went away: com.android.todolist/com.android.todolist.MainActivity#1
02-29 23:37:04.407   846  1499 D DispPerfService: onframeavailable pid=26734, slot=2, seq=70503, name=com.android.todolist:com.android.todolist/com.android.todolist.MainActivity#1
02-29 23:37:04.431   846  3222 D OppoExLayer: setAlpha sequence=70503, alpha=1.000000, name=com.android.todolist/com.android.todolist.MainActivity#1
02-29 23:37:04.431   846  3222 D OppoExLayer: setMatrix sequence=70503, matrix[1.000000,0.000000,0.000000,1.000000] name=com.android.todolist/com.android.todolist.MainActivity#1
02-29 23:37:04.436   846  3222 D DispPerfService: get hint proc=Surface(name=c620e46 com.android.todolist, idx=0 none
02-29 23:37:04.436   846  3222 E OppoExLayer: SCLTM hint=0x0, misSCLTMLayer=0, seq=70504, name=Surface(name=c620e46 com.android.todolist/com.android.todolist.MainActivity)/@0x680c8a0 - animation-leash#0
02-29 23:37:04.436   846  3222 D OppoExLayer: Layer() sequence=70504, name=Surface(name=c620e46 com.android.todolist/com.android.todolist.MainActivity)/@0x680c8a0 - animation-leash#0
02-29 23:37:04.443   846   918 D OppoExLayer: setAlpha sequence=70503, alpha=1.000000, name=com.android.todolist/com.android.todolist.MainActivity#1
02-29 23:37:04.443   846   918 D OppoExLayer: setMatrix sequence=70503, matrix[1.000000,0.000000,0.000000,1.000000] name=com.android.todolist/com.android.todolist.MainActivity#1
02-29 23:37:04.443   846   918 D OppoExLayer: setFlags sequence=70503, flags[0], mask[1], newFlags[0], name=com.android.todolist/com.android.todolist.MainActivity#1
02-29 23:37:04.443   846   918 D OppoExLayer: setLayer sequence=70504, z=1, new_z=1, name=Surface(name=c620e46 com.android.todolist/com.android.todolist.MainActivity)/@0x680c8a0 - animation-leash#0
02-29 23:37:04.443   846   918 D OppoExLayer: setAlpha sequence=70504, alpha=1.000000, name=Surface(name=c620e46 com.android.todolist/com.android.todolist.MainActivity)/@0x680c8a0 - animation-leash#0
02-29 23:37:04.443   846   918 D OppoExLayer: setMatrix sequence=70504, matrix[1.000000,0.000000,0.000000,1.000000] name=Surface(name=c620e46 com.android.todolist/com.android.todolist.MainActivity)/@0x680c8a0 - animation-leash#0
02-29 23:37:04.443   846   918 D OppoExLayer: setFlags sequence=70504, flags[0], mask[1], newFlags[0], name=Surface(name=c620e46 com.android.todolist/com.android.todolist.MainActivity)/@0x680c8a0 - animation-leash#0
02-29 23:37:04.443   846   918 D OppoExLayer: setCrop sequence=70504, seq[5], crop[0,0:0,0], cc[0,0:0,0] name=Surface(name=c620e46 com.android.todolist/com.android.todolist.MainActivity)/@0x680c8a0 - animation-leash#0
02-29 23:37:04.448   846   918 D OppoExLayer: setMatrix sequence=70503, matrix[1.000000,0.000000,0.000000,1.000000] name=com.android.todolist/com.android.todolist.MainActivity#1
02-29 23:37:04.454   846  1499 D OppoExLayer: setAlpha sequence=70504, alpha=1.000000, name=Surface(name=c620e46 com.android.todolist/com.android.todolist.MainActivity)/@0x680c8a0 - animation-leash#0
02-29 23:37:04.454   846  1499 D OppoExLayer: setMatrix sequence=70504, matrix[1.000000,0.000000,0.000000,1.000000] name=Surface(name=c620e46 com.android.todolist/com.android.todolist.MainActivity)/@0x680c8a0 - animation-leash#0
02-29 23:37:04.455 11447 13895 I InputDispatcher: Focus entered window: Window{c620e46 u0 com.android.todolist/com.android.todolist.MainActivity} in display 0
02-29 23:37:04.470   846   846 D OppoExLayer: ~Layer() sequence=70504, name=Surface(name=c620e46 com.android.todolist/com.android.todolist.MainActivity)/@0x680c8a0 - animation-leash#0@0xb40000782a07a000
02-29 23:37:06.529   846   918 I BufferQueueProducer: [com.android.todolist/com.android.todolist.MainActivity#1](id:34e00003a92,api:1,p:26734,c:846) disconnect(): api=1
02-29 23:37:06.530   846   918 D DispPerfService: get hint proc=Surface(name=c620e46 com.android.todolist, idx=0 none
02-29 23:37:06.530   846   918 E OppoExLayer: SCLTM hint=0x0, misSCLTMLayer=0, seq=70507, name=Surface(name=c620e46 com.android.todolist/com.android.todolist.MainActivity)/@0x680c8a0 - animation-leash#0
02-29 23:37:06.531   846   918 D OppoExLayer: Layer() sequence=70507, name=Surface(name=c620e46 com.android.todolist/com.android.todolist.MainActivity)/@0x680c8a0 - animation-leash#0
02-29 23:37:06.532 11447 11474 D WindowManager: WARNING: focused app window can't receive keys, focusedApp:ActivityRecord{5c08cda u0 com.android.todolist/.MainActivity t2690} window:Window{c620e46 u0 com.android.todolist/com.android.todolist.MainActivity EXITING}
02-29 23:37:06.532 11447 11474 W WindowManager: Changing focus fromWindow{c620e46 u0 com.android.todolist/com.android.todolist.MainActivity EXITING} to Window{d5e9a7e u0 com.android.todolist/com.android.todolist.MainActivity} displayId=0 Callers=com.android.server.wm.RootWindowContainer.updateFocusedWindowLocked:503 com.android.server.wm.WindowManagerService.updateFocusedWindowLocked:6074 com.android.server.wm.WindowState.setupWindowForRemoveOnExit:2533 com.android.server.wm.WindowState.removeIfPossible:2498 
02-29 23:37:06.536   846  1499 D OppoExLayer: setAlpha sequence=70507, alpha=0.000000, name=Surface(name=c620e46 com.android.todolist/com.android.todolist.MainActivity)/@0x680c8a0 - animation-leash#0
02-29 23:37:06.536   846  1499 D OppoExLayer: setMatrix sequence=70507, matrix[1.000000,0.000000,0.000000,1.000000] name=Surface(name=c620e46 com.android.todolist/com.android.todolist.MainActivity)/@0x680c8a0 - animation-leash#0
02-29 23:37:06.537 11447 13895 I InputDispatcher: Focus left window: Window{c620e46 u0 com.android.todolist/com.android.todolist.MainActivity} in display 0
02-29 23:37:06.537 11447 13895 I InputDispatcher: Window went away: Window{c620e46 u0 com.android.todolist/com.android.todolist.MainActivity}
02-29 23:37:06.543   846   918 D OppoExLayer: setLayer sequence=70507, z=1, new_z=1, name=Surface(name=c620e46 com.android.todolist/com.android.todolist.MainActivity)/@0x680c8a0 - animation-leash#0
02-29 23:37:06.543   846   918 D OppoExLayer: setAlpha sequence=70507, alpha=0.000000, name=Surface(name=c620e46 com.android.todolist/com.android.todolist.MainActivity)/@0x680c8a0 - animation-leash#0
02-29 23:37:06.543   846   918 D OppoExLayer: setMatrix sequence=70507, matrix[1.000000,0.000000,0.000000,1.000000] name=Surface(name=c620e46 com.android.todolist/com.android.todolist.MainActivity)/@0x680c8a0 - animation-leash#0
02-29 23:37:06.543   846   918 D OppoExLayer: setCrop sequence=70507, seq[6], crop[0,0:0,0], cc[0,0:0,0] name=Surface(name=c620e46 com.android.todolist/com.android.todolist.MainActivity)/@0x680c8a0 - animation-leash#0
02-29 23:37:06.550   846   918 D OppoExLayer: setFlags sequence=70503, flags[1], mask[1], newFlags[1], name=com.android.todolist/com.android.todolist.MainActivity#1
02-29 23:37:06.554   846   846 D OppoExLayer: ~Layer() sequence=70507, name=Surface(name=c620e46 com.android.todolist/com.android.todolist.MainActivity)/@0x680c8a0 - animation-leash#0@0xb400007839f3e000
02-29 23:37:06.555   846   846 D OppoExLayer: ~Layer() sequence=70500, name=c620e46 com.android.todolist/com.android.todolist.MainActivity#0@0xb40000782a1c6000
02-29 23:37:06.558   846   846 I BufferQueueConsumer: [com.android.todolist/com.android.todolist.MainActivity#1](id:34e00003a92,api:0,p:-1,c:846) disconnect()
02-29 23:37:06.558   846   846 I BufferQueue: [com.android.todolist/com.android.todolist.MainActivity#1](this:0xb4000078daec4458,id:14994,api:1,p:-1,c:-1) onDestructor()
02-29 23:37:06.559   846   846 D OppoExLayer: ~Layer() sequence=70503, name=com.android.todolist/com.android.todolist.MainActivity#1@0xb40000782a851000
02-29 23:37:06.572 11447 11474 I InputDispatcher: Focus entered window: Window{d5e9a7e u0 com.android.todolist/com.android.todolist.MainActivity} in display 0
02-29 23:37:06.579 11447 11474 D InputMethodManagerService: isSecurity: attribute.packageName=com.android.todolist
02-29 23:37:07.737   846   918 I SurfaceFlinger: [SF client] NEW(0xb400007844dbfe00) for (26734:com.android.todolist)
02-29 23:37:07.747 11447 13895 D OppoDisplayPolicy: com.android.todolist, no change cutoutMode: 0
02-29 23:37:07.748   846   918 D DispPerfService: get hint proc=19b7b8a com.android.todolist, idx=0 none
02-29 23:37:07.748   846   918 E OppoExLayer: SCLTM hint=0x0, misSCLTMLayer=0, seq=70511, name=19b7b8a com.android.todolist/com.android.todolist.MainActivity#0
02-29 23:37:07.748   846   918 D OppoExLayer: Layer() sequence=70511, name=19b7b8a com.android.todolist/com.android.todolist.MainActivity#0
02-29 23:37:07.752 11447 13895 W WindowManager: Changing focus fromWindow{d5e9a7e u0 com.android.todolist/com.android.todolist.MainActivity} to Window{19b7b8a u0 com.android.todolist/com.android.todolist.MainActivity} displayId=0 Callers=com.android.server.wm.RootWindowContainer.updateFocus