02-29 23:36:31.233   846  1499 D OppoExLayer: setMatrix sequence=70406, matrix[1.000000,0.000000,0.000000,1.000000] name=Surface(name=ActivityRecord{d88f872 u0 com.android.todolist/.MainActivity)/@0x62c137a - animation-leash#0
02-29 23:36:31.233   846  1499 D OppoExLayer: setCrop sequence=70406, seq[5], crop[0,0:1080,2400], cc[0,0:1080,2400] name=Surface(name=ActivityRecord{d88f872 u0 com.android.todolist/.MainActivity)/@0x62c137a - animation-leash#0
02-29 23:36:31.233   846  1499 D OppoExLayer: setLayer sequence=70407, z=24, new_z=24, name=Surface(name=ActivityRecord{d88f872 u0 com.android.todolist/.MainActivity)/@0x62c137a - animation-bounds#0
02-29 23:36:31.233   846  1499 D OppoExLayer: setFlags sequence=70407, flags[0], mask[1], newFlags[0], name=Surface(name=ActivityRecord{d88f872 u0 com.android.todolist/.MainActivity)/@0x62c137a - animation-bounds#0
02-29 23:36:31.235   846  1499 D OppoExLayer: setMatrix sequence=70401, matrix[1.000000,0.000000,0.000000,1.000000] name=com.android.todolist/com.android.todolist.ListActivity#0
02-29 23:36:31.243   846   918 D OppoExLayer: setAlpha sequence=70404, alpha=1.000000, name=Surface(name=ActivityRecord{4ee3dc1 u0 com.android.todolist/.ListActivity)/@0xc286287 - animation-leash#0
02-29 23:36:31.243   846   918 D OppoExLayer: setMatrix sequence=70404, matrix[1.000000,0.000000,0.000000,1.000000] name=Surface(name=ActivityRecord{4ee3dc1 u0 com.android.todolist/.ListActivity)/@0xc286287 - animation-leash#0
02-29 23:36:31.243   846   918 D OppoExLayer: setAlpha sequence=70406, alpha=0.700000, name=Surface(name=ActivityRecord{d88f872 u0 com.android.todolist/.MainActivity)/@0x62c137a - animation-leash#0
02-29 23:36:31.243   846   918 D OppoExLayer: setMatrix sequence=70406, matrix[1.000000,0.000000,0.000000,1.000000] name=Surface(name=ActivityRecord{d88f872 u0 com.android.todolist/.MainActivity)/@0x62c137a - animation-leash#0
02-29 23:36:31.244 11447 13893 I InputDispatcher: Focus entered window: Window{c3c4433 u0 com.android.todolist/com.android.todolist.ListActivity} in display 0
02-29 23:36:31.246 11447 11484 V ColorZoomWindowManagerService: onAnimationFinished:  r = ActivityRecord{d88f872 u0 com.android.todolist/.MainActivity t2690}
02-29 23:36:31.246 11447 11484 V ColorZoomWindowManagerService: onAnimationFinished:  r = ActivityRecord{4ee3dc1 u0 com.android.todolist/.ListActivity t2690}
02-29 23:36:31.246 11447 11484 I ColorAppSwitchManagerService:  handleAppVisible , r = ActivityRecord{4ee3dc1 u0 com.android.todolist/.ListActivity t2690}
02-29 23:36:31.248   846  1499 D OppoExLayer: setFlags sequence=70379, flags[1], mask[1], newFlags[1], name=ActivityRecord{d88f872 u0 com.android.todolist/.MainActivity#0
02-29 23:36:31.248   846  1499 D OppoExLayer: setFlags sequence=70381, flags[1], mask[1], newFlags[3], name=com.android.todolist/com.android.todolist.MainActivity#0
02-29 23:36:31.248 11447 11473 D InputMethodManagerService: isSecurity: attribute.packageName=com.android.todolist
02-29 23:36:31.260   846   846 D OppoExLayer: ~Layer() sequence=70407, name=Surface(name=ActivityRecord{d88f872 u0 com.android.todolist/.MainActivity)/@0x62c137a - animation-bounds#0@0xb400007839fde000
02-29 23:36:31.260   846   846 D OppoExLayer: ~Layer() sequence=70406, name=Surface(name=ActivityRecord{d88f872 u0 com.android.todolist/.MainActivity)/@0x62c137a - animation-leash#0@0xb400007839f71000
02-29 23:36:31.260   846   846 D OppoExLayer: ~Layer() sequence=70405, name=Surface(name=ActivityRecord{4ee3dc1 u0 com.android.todolist/.ListActivity)/@0xc286287 - animation-bounds#0@0xb400007839f2c000
02-29 23:36:31.260   846   846 D OppoExLayer: ~Layer() sequence=70404, name=Surface(name=ActivityRecord{4ee3dc1 u0 com.android.todolist/.ListActivity)/@0xc286287 - animation-leash#0@0xb400007839e85000
02-29 23:36:31.265   846  1552 I BufferQueueProducer: [com.android.todolist/com.android.todolist.MainActivity#0](id:34e00003a83,api:1,p:26734,c:846) disconnect(): api=1
02-29 23:36:31.277 11447 13895 D OppoDisplayPolicy: com.android.todolist, no change cutoutMode: 0
02-29 23:36:31.289 26734 26751 I chatty  : uid=10840(com.android.todolist) FinalizerDaemon identical 1 line
02-29 23:36:31.294 11447 11474 I InputDispatcher: Window went away: com.android.todolist/com.android.todolist.MainActivity#0
02-29 23:36:31.309   846   846 I BufferQueueConsumer: [com.android.todolist/com.android.todolist.MainActivity#0](id:34e00003a83,api:0,p:-1,c:846) disconnect()
02-29 23:36:31.309   846   846 I BufferQueue: [com.android.todolist/com.android.todolist.MainActivity#0](this:0xb400007819e85c58,id:14979,api:1,p:-1,c:-1) onDestructor()
02-29 23:36:31.309   846   846 D OppoExLayer: ~Layer() sequence=70381, name=com.android.todolist/com.android.todolist.MainActivity#0@0xb40000782a170000
02-29 23:36:33.094 11447 13895 W NotificationService: Toast already killed. pkg=com.android.todolist token=android.os.BinderProxy@739ae14
02-29 23:36:33.135   846  3222 I SurfaceFlinger: [SF client] NEW(0xb400007844dc0580) for (26734:com.android.todolist)
02-29 23:36:33.145 11447 11473 D OppoDisplayPolicy: com.android.todolist, no change cutoutMode: 0
02-29 23:36:33.147 11447 11473 W WindowManager: Changing focus fromWindow{c3c4433 u0 com.android.todolist/com.android.todolist.ListActivity} to Window{89239fe u0 PopupWindow:9669e05} displayId=0 Callers=com.android.server.wm.RootWindowContainer.updateFocusedWindowLocked:503 com.android.server.wm.WindowManagerService.updateFocusedWindowLocked:6074 com.android.server.wm.WindowManagerService.addWindow:1934 com.android.server.wm.Session.addToDisplayAsUser:184 
02-29 23:36:33.154 26734 26734 I chatty  : uid=10840(com.android.todolist) identical 3 lines
02-29 23:36:33.180 11447 11473 I InputDispatcher: Focus left window: Window{c3c4433 u0 com.android.todolist/com.android.todolist.ListActivity} in display 0
02-29 23:36:33.184 11447 13895 D OppoDisplayPolicy: com.android.todolist, no change cutoutMode: 0
02-29 23:36:33.262   846  3222 D DispPerfService: onframeavailable pid=26734, slot=2, seq=70413, name=com.android.todolist:PopupWindow:9669e05#0
02-29 23:36:37.783 11447 11474 D OppoDisplayPolicy: com.android.todolist, no change cutoutMode: 0
02-29 23:36:37.785 11447 11474 D WindowManager: WARNING: focused app window can't receive keys, focusedApp:ActivityRecord{4ee3dc1 u0 com.android.todolist/.ListActivity t2690} window:Window{89239fe u0 PopupWindow:9669e05}
02-29 23:36:37.785 11447 11474 W WindowManager: Changing focus fromWindow{89239fe u0 PopupWindow:9669e05} to Window{c3c4433 u0 com.android.todolist/com.android.todolist.ListActivity} displayId=0 Callers=com.android.server.wm.RootWindowContainer.updateFocusedWindowLocked:503 com.android.server.wm.WindowManagerService.updateFocusedWindowLocked:6074 com.android.server.wm.WindowManagerService.relayoutWindow:2704 com.android.server.wm.Session.relayout:229 
02-29 23:36:37.801 11447 11474 I InputDispatcher: Focus entered window: Window{c3c4433 u0 com.android.todolist/com.android.todolist.ListActivity} in display 0
02-29 23:36:37.816 11447 13895 D InputMethodManagerService: isSecurity: attribute.packageName=com.android.todolist
02-29 23:36:38.210 11447 13895 I ActivityTaskManager: START u0 {cmp=com.android.todolist/.MainActivity mCallingUid=10840} from uid 10840 and from pid 26734
02-29 23:36:38.210 11447 13895 D ColorZoomWindowRUSConfigManager: isSupportZoomModeWithPolicyLocked: target = com.android.todolist/.MainActivity
02-29 23:36:38.210 11447 13895 D ColorZoomWindowRUSConfigManager: targetPkg = com.android.todolist
02-29 23:36:38.210 11447 13895 V ColorZoomWindowManagerService: unSupportZoom: false ,callingPid: 26734 ,sourceStack: Task{5676c51 #2690 visible=true type=standard mode=fullscreen translucent=true A=10840:com.android.todolist U=0 StackId=2690 sz=4}
02-29 23:36:38.211   846  1499 D DispPerfService: get hint proc=ActivityRecord{edad5e0 u0 com.android.todolist, idx=0 none
02-29 23:36:38.211   846  1499 E OppoExLayer: SCLTM hint=0x0, misSCLTMLayer=0, seq=70416, name=ActivityRecord{edad5e0 u0 com.android.todolist/.MainActivity#0
02-29 23:36:38.211   846  1499 D OppoExLayer: Layer() sequence=70416, name=ActivityRecord{edad5e0 u0 com.android.todolist/.MainActivity#0
02-29 23:36:38.213 11447 13895 D ColorZoomWindowRUSConfigManager: isSupportZoomModeWithPolicyLocked: target = com.android.todolist/.MainActivity
02-29 23:36:38.213 11447 13895 D ColorZoomWindowRUSConfigManager: targetPkg = com.android.todolist
02-29 23:36:38.213 11447 13895 V ColorZoomWindowManagerService: unSupportZoom: false ,callingPid: 26734 ,sourceStack: Task{5676c51 #2690 visible=true type=standard mode=fullscreen translucent=true A=10840:com.android.todolist U=0 StackId=2690 sz=5}
02-29 23:36:38.215   846  1499 D OppoExLayer: setLayer sequence=70416, z=4, new_z=4, name=ActivityRecord{edad5e0 u0 com.android.todolist/.MainActivity#0
02-29 23:36:38.218 11447 11473 D ActivityTaskManager: setWillCloseOrEnterPip:false ActivityRecord:ActivityRecord{4ee3dc1 u0 com.android.todolist/.ListActivity t2690 f}} callers:com.android.server.wm.ActivityStack.completePauseLocked:1337 com.android.server.wm.ActivityRecord.activityPaused:5371 com.android.server.wm.ActivityTaskManagerService.activityPaused:1998 android.app.IActivityTaskManager$Stub.onTransact:1956 com.android.server.wm.OppoActivityTaskManagerService.onTransact:174 
02-29 23:36:38.221   815   837 I mtkpower@impl: [notifyAppState] act com.android.todolist.ListActivity => com.android.todolist.MainActivity
02-29 23:36:38.221 11447 11473 W WindowManager: Changing focus fromWindow{c3c4433 u0 com.android.todolist/com.android.todolist.ListActivity} to null displayId=0 Callers=com.android.server.wm.RootWindowContainer.updateFocusedWindowLocked:503 com.android.server.wm.WindowManagerService.updateFocusedWindowLocked:6074 com.android.server.wm.DisplayContent.setFocusedApp:5969 com.android.server.wm.ActivityTaskManagerService.setResumedActivityUncheckLocked:5837 
02-29 23:36:38.239 11447 11473 I InputDispatcher: Focus left window: Window{c3c4433 u0 com.android.todolist/com.android.todolist.ListActivity} in display 0
02-29 23:36:38.239 11447 11473 I InputDispatcher: Window went away: Window{c3c4433 u0 com.android.todolist/com.android.todolist.ListActivity}
02-29 23:36:38.267   846  1499 I SurfaceFlinger: [SF client] NEW(0xb400007844dc0e80) for (26734:com.android.todolist)
02-29 23:36:38.272 11447 11473 D OppoDisplayPolicy: com.android.todolist, no change cutoutMode: 0
02-29 23:36:38.272   846  1499 D DispPerfService: get hint proc=549b4a4 com.android.todolist, idx=0 none
02-29 23:36:38.272   846  1499 E OppoExLayer: SCLTM hint=0x0, misSCLTMLayer=0, seq=70417, name=549b4a4 com.android.todolist/com.android.todolist.MainActivity#0
02-29 23:36:38.272   846  1499 D OppoExLayer: Layer() sequence=70417, name=549b4a4 com.android.todolist/com.android.todolist.MainActivity#0
02-29 23:36:38.274 26734 26734 I chatty  : uid=10840(com.android.todolist) identical 4 lines
02-29 23:36:38.289   846  1499 D OppoExLayer: setFlags sequence=70417, flags[0], mask[1], newFlags[0], name=549b4a4 com.android.todolist/com.android.todolist.MainActivity#0
02-29 23:36:38.294 11447 11473 D OppoDisplayPolicy: com.android.todolist, no change cutoutMode: 0
02-29 23:36:38.294 11447 11473 I WindowManager: Relayout Window{549b4a4 u0 com.android.todolist/com.android.todolist.MainActivity}: oldVis=4 newVis=0 focusMayChange = true
02-29 23:36:38.297   846  1499 D DispPerfService: get hint proc=com.android.todolist, idx=0 none
02-29 23:36:38.297   846  1499 E OppoExLayer: SCLTM hint=0x0, misSCLTMLayer=0, seq=70418, name=com.android.todolist/com.android.todolist.MainActivity#0
02-29 23:36:38.297   846  1499 D OppoExLayer: Layer() sequence=70418, name=com.android.todolist/com.android.todolist.MainActivity#0
02-29 23:36:38.299 11447 11473 W WindowManager: Changing focus fromnull to Window{549b4a4 u0 com.android.todolist/com.android.todolist.MainActivity} displayId=0 Callers=com.android.server.wm.RootWindowContainer.updateFocusedWindowLocked:503 com.android.server.wm.WindowManagerService.updateFocusedWindowLocked:6074 com.android.server.wm.WindowManagerService.relayoutWindow:2704 com.android.server.wm.Session.relayout:229 
02-29 23:36:38.306   846  3222 I BufferQueueProducer: [com.android.todolist/com.android.todolist.MainActivity#0](id:34e00003a88,api:1,p:26734,c:846) connect(): api=1 producerControlledByApp=false
02-29 23:36:38.306   846  1499 D OppoExLayer: setAlpha sequence=70418, alpha=1.000000, name=com.android.todolist/com.android.todolist.MainActivity#0
02-29 23:36:38.306   846  1499 D OppoExLayer: setMatrix sequence=70418, matrix[1.000000,0.000000,0.000000,1.000000] name=com.android.todolist/com.android.todolist.MainActivity#0
02-29 23:36:38.306   846  1499 D OppoExLayer: setCrop sequence=70418, seq[2], crop[0,0:1080,2400], cc[0,0:1080,2400] name=com.android.todolist/com.android.todolist.MainActivity#0
02-29 23:36:38.322 11447 11473 I InputDispatcher: Window went away: com.android.todolist/com.android.todolist.MainActivity#0
02-29 23:36:38.339   846  1499 D DispPerfService: onframeavailable pid=26734, slot=2, seq=70418, name=com.android.todolist:com.android.todolist/com.android.todolist.MainActivity#0
02-29 23:36:38.344   846  1499 D OppoExLayer: setAlpha sequence=70418, alpha=1.000000, name=com.android.todolist/com.android.todolist.MainActivity#0
02-29 23:36:38.344   846  1499 D OppoExLayer: setMatrix sequence=70418, matrix[1.000000,0.000000,0.000000,1.000000] name=com.android.todolist/com.android.todolist.MainActivity#0
02-29 23:36:38.345   846  1499 D DispPerfService: get hint proc=Surface(name=ActivityRecord{edad5e0 u0 com.android.todolist, idx=0 none
02-29 23:36:38.345   846  1499 E OppoExLayer: SCLTM hint=0x0, misSCLTMLayer=0, seq=70421, name=Surface(name=ActivityRecord{edad5e0 u0 com.android.todolist/.MainActivity)/@0xb531828 - animation-leash#0
02-29 23:36:38.345   846  1499 D OppoExLayer: Layer() sequence=70421, name=Surface(name=ActivityRecord{edad5e0 u0 com.android.todolist/.MainActivity)/@0xb531828 - animation-leash#0
02-29 23:36:38.346   846  1499 D DispPerfService: get hint proc=Surface(name=ActivityRecord{edad5e0 u0 com.android.todolist, idx=0 none
02-29 23:36:38.346   846  1499 E OppoExLayer: SCLTM hint=0x0, misSCLTMLayer=0, seq=70422, name=Surface(name=ActivityRecord{edad5e0 u0 com.android.todolist/.MainActivity)/@0xb531828 - animation-bounds#0
02-29 23:36:38.346   846  1499 D OppoExLayer: Layer() sequence=70422, name=Surface(name=ActivityRecord{edad5e0 u0 com.android.todolist/.MainActivity)/@0xb531828 - animation-bounds#0
02-29 23:36:38.347 11447 11484 D ColorZoomWindowManagerService: adjustWindowCropForLeash start: appToken = ActivityRecord{edad5e0 u0 com.android.todolist/.MainActivity t2690}
02-29 23:36:38.347   846  1499 D DispPerfService: get hint proc=Surface(name=ActivityRecord{4ee3dc1 u0 com.android.todolist, idx=0 none
02-29 23:36:38.347   846  1499 E OppoExLayer: SCLTM hint=0x0, misSCLTMLayer=0, seq=70423, name=Surface(name=ActivityRecord{4ee3dc1 u0 com.android.todolist/.ListActivity)/@0xc286287 - animation-leash#0
02-29 23:36:38.347   846  1499 D OppoExLayer: Layer() sequence=70423, name=Surface(name=ActivityRecord{4ee3dc1 u0 com.android.todolist/.ListActivity)/@0xc286287 - animation-leash#0
02-29 23:36:38.349   846  1499 D DispPerfService: get hint proc=Surface(name=ActivityRecord{4ee3dc1 u0 com.android.todolist, idx=0 none
02-29 23:36:38.349   846  1499 E OppoExLayer: SCLTM hint=0x0, misSCLTMLayer=0, seq=70424, name=Surface(name=ActivityRecord{4ee3dc1 u0 com.android.todolist/.ListActivity)/@0xc286287 - animation-bounds#0
02-29 23:36:38.349   846  1499 D OppoExLayer: Layer() sequence=70424, name=Surface(name=ActivityRecord{4ee3dc1 u0 com.android.todolist/.ListActivity)/@0xc286287 - animation-bounds#0
02-29 23:36:38.349 11447 11484 D ColorZoomWindowManagerService: adjustWindowCropForLeash start: appToken = ActivityRecord{4ee3dc1 u0 com.android.todolist/.ListActivity t2690 f}}
02-29 23:36:38.351 11447 11526 I ActivityTaskManager: Displayed com.android.todolist/.MainActivity: +140ms
02-29 23:36:38.353   846  1499 D OppoExLayer: setAlpha sequence=70418, alpha=1.000000, name=com.android.todolist/com.android.todolist.MainActivity#0
02-29 23:36:38.353   846  1499 D OppoExLayer: setMatrix sequence=70418, matrix[1.000000,0.000000,0.000000,1.000000] name=com.android.todolist/com.android.todolist.MainActivity#0
02-29 23:36:38.353   846  1499 D OppoExLayer: setFlags sequence=70418, flags[0], mask[1], newFlags[2], name=com.android.todolist/com.android.todolist.MainActivity#0
02-29 23:36:38.353   846  1499 D OppoExLayer: setLayer sequence=70421, z=800570028, new_z=800570028, name=Surface(name=ActivityRecord{edad5e0 u0 com.android.todolist/.MainActivity)/@0xb531828 - animation-leash#0
02-29 23:36:38.353   846  1499 D OppoExLayer: setAlpha sequence=70421, alpha=1.000000, name=Surface(name=ActivityRecord{edad5e0 u0 com.android.todolist/.MainActivity)/@0xb531828 - animation-leash#0
02-29 23:36:38.353   846  1499 D OppoExLayer: setMatrix sequence=70421, matrix[1.000000,0.000000,0.000000,1.000000] name=Surface(name=ActivityRecord{edad5e0 u0 com.android.todolist/.MainActivity)/@0xb531828 - animation-leash#0
02-29 23:36:38.353   846  1499 D OppoExLayer: setFlags sequence=70421, flags[0], mask[1], newFlags[0], name=Surface(name=ActivityRecord{edad5e0 u0 com.android.todolist/.MainActivity)/@0xb531828 - animation-leash#0
02-29 23:36:38.353   846  1499 D OppoExLayer: setCrop sequence=70421, seq[4], crop[0,0:1080,2400], cc[0,0:1080,2400] name=Surface(name=ActivityRecord{edad5e0 u0 com.android.todolist/.MainActivity)/@0xb531828 - animation-leash#0
02-29 23:36:38.353   846  1499 D OppoExLayer: setFlags sequence=70416, flags[0], mask[1], newFlags[0], name=ActivityRecord{edad5e0 u0 com.android.todolist/.MainActivity#0
02-29 23:36:38.353   846  1499 D OppoExLayer: setLayer sequence=70422, z=800570028, new_z=800570028, name=Surface(name=ActivityRecord{edad5e0 u0 com.android.todolist/.MainActivity)/@0xb531828 - animation-bounds#0
02-29 23:36:38.353   846  1499 D OppoExLayer: setFlags sequence=70422, flags[0], mask[1], newFlags[0], name=Surface(name=ActivityRecord{edad5e0 u0 com.android.todolist/.MainActivity)/@0xb531828 - animation-bounds#0
02-29 23:36:38.354   846  1499 D OppoExLayer: setLayer sequence=70423, z=26, new_z=26, name=Surface(name=ActivityRecord{4ee3dc1 u0 com.android.todolist/.ListActivity)/@0xc286287 - animation-leash#0
02-29 23:36:38.354   846  1499 D OppoExLayer: setAlpha sequence=70423, alpha=0.700000, name=Surface(name=ActivityRecord{4ee3dc1 u0 com.android.todolist/.ListActivity)/@0xc286287 - animation-leash#0
02-29 23:36:38.354   846  1499 D OppoExLayer: setMatrix sequence=70423, matrix[1.000000,0.000000,0.000000,1.000000] name=Surface(name=ActivityRecord{4ee3dc1 u0 com.android.todolist/.ListActivity)/@0xc286287 - animation-leash#0
02-29 23:36:38.354   846  1499 D OppoExLayer: setCrop sequence=70423, seq[5], crop[0,0:1080,2400], cc[0,0:1080,2400] name=Surface(name=ActivityRecord{4ee3dc1 u0 com.android.todolist/.ListActivity)/@0xc286287 - animation-leash#0
02-29 23:36:38.354   846  1499 D OppoExLayer: setLayer sequence=70424, z=26, new_z=26, name=Surface(name=ActivityRecord{4ee3dc1 u0 com.android.todolist/.ListActivity)/@0xc286287 - animation-bounds#0
02-29 23:36:38.354   846  1499 D OppoExLayer: setFlags sequence=70424, flags[0], mask[1], newFlags[0], name=Surface(name=ActivityRecord{4ee3dc1 u0 com.android.todolist/.ListActivity)/@0xc286287 - animation-bounds#0
02-29 23:36:38.355   846  3222 D OppoExLayer: setAlpha sequence=70421, alpha=1.000000, name=Surface(name=ActivityRecord{edad5e0 u0 com.android.todolist/.MainActivity)/@0xb531828 - animation-leash#0
02-29 23:36:38.355   846  3222 D OppoExLayer: setMatrix sequence=70421, matrix[1.000000,0.000000,0.000000,1.000000] name=Surface(name=ActivityRecord{edad5e0 u0 com.android.todolist/.MainActivity)/@0xb531828 - animation-leash#0
02-29 23:36:38.355   846  3222 D OppoExLayer: setAlpha sequence=70423, alpha=0.700000, name=Surface(name=ActivityRecord{4ee3dc1 u0 com.android.todolist/.ListActivity)/@0xc286287 - animation-leash#0
02-29 23:36:38.355   846  3222 D OppoExLayer: setMatrix sequence=70423, matrix[1.000000,0.000000,0.000000,1.000000] name=Surface(name=ActivityRecord{4ee3dc1 u0 com.android.todolist/.ListActivity)/@0xc286287 - animation-leash#0
02-29 23:36:38.355   846   918 D OppoExLayer: setMatrix sequence=70418, matrix[1.000000,0.000000,0.000000,1.000000] name=com.android.todolist/com.android.todolist.MainActivity#0
02-29 23:36:38.355 11447 13893 I InputDispatcher: Focus entered window: Window{549b4a4 u0 com.android.todolist/com.android.todolist.MainActivity} in display 0
02-29 23:36:38.357 11447 11484 V ColorZoomWindowManagerService: onAnimationFinished:  r = ActivityRecord{4ee3dc1 u0 com.android.todolist/.ListActivity t2690 f}}
02-29 23:36:38.357 11447 11484 V ColorZoomWindowManagerService: onAnimationFinished:  r = ActivityRecord{edad5e0 u0 com.android.todolist/.MainActivity t2690}
02-29 23:36:38.357 11447 11484 I ColorAppSwitchManagerService:  handleAppVisible , r = ActivityRecord{edad5e0 u0 com.android.todolist/.MainActivity t2690}
02-29 23:36:38.362   846  3222 D OppoExLayer: setFlags sequence=70396, flags[1], mask[1], newFlags[1], name=ActivityRecord{4ee3dc1 u0 com.android.todolist/.ListActivity#0
02-29 23:36:38.362   846  3222 D OppoExLayer: setFlags sequence=70401, flags[1], mask[1], newFlags[3], name=com.android.todolist/com.android.todolist.ListActivity#0
02-29 23:36:38.372   846   846 D OppoExLayer: ~Layer() sequence=70424, name=Surface(name=ActivityRecord{4ee3dc1 u0 com.android.todolist/.ListActivity)/@0xc286287 - animation-bounds#0@0xb400007839f2c000
02-29 23:36:38.372   846   846 D OppoExLayer: ~Layer() sequence=70423, name=Surface(name=ActivityRecord{4ee3dc1 u0 com.android.todolist/.ListActivity)/@0xc286287 - animation-leash#0@0xb400007839eec000
02-29 23:36:38.372   846   846 D OppoExLayer: ~Layer() sequence=70422, name=Surface(name=ActivityRecord{edad5e0 u0 com.android.todolist/.MainActivity)/@0xb531828 - animation-bounds#0@0xb400007839ee8000
02-29 23:36:38.372   846   846 D OppoExLayer: ~Layer() sequence=70421, name=Surface(name=ActivityRecord{edad5e0 u0 com.android.todolist/.MainActivity)/@0xb531828 - animation-leash#0@0xb400007839e85000
02-29 23:36:38.377   846  3222 I BufferQueueProducer: [com.android.todolist/com.android.todolist.ListActivity#0](id:34e00003a86,api:1,p:26734,c:846) disconnect(): api=1
02-29 23:36:38.387   846   846 D OppoExLayer: ~Layer() sequence=70400, name=c3c4433 com.android.todolist/com.android.todolist.ListActivity#0@0xb400007839e7f000
02-29 23:36:38.388   846   846 I BufferQueueConsumer: [com.android.todolist/com.android.todolist.ListActivity#0](id:34e00003a86,api:0,p:-1,c:846) disconnect()
02-29 23:36:38.388   846   846 I BufferQueue: [com.android.todolist/com.android.todolist.ListActivity#0](this:0xb4000078daec4458,id:14982,api:1,p:-1,c:-1) onDestructor()
02-29 23:36:38.389 11447 11474 D InputMethodManagerService: isSecurity: attribute.packageName=com.android.todolist
02-29 23:36:38.389   846   846 D OppoExLayer: ~Layer() sequence=70401, name=com.android.todolist/com.android.todolist.ListActivity#0@0xb40000782a0ea000
02-29 23:36:38.391 11447 13895 I InputDispatcher: Window went away: com.android.todolist/com.android.todolist.ListActivity#0
02-29 23:36:38.404   846   846 D OppoExLayer: ~Layer() sequence=70396, name=ActivityRecord{4ee3dc1 u0 com.android.todolist/.ListActivity#0@0xb400007819fa0000
02-29 23:36:49.415 11447 11474 I ActivityTaskManager: START u0 {cmp=com.android.todolist/.ListActivity (has extras) mCallingUid=10840} from uid 10840 and from pid 26734
02-29 23:36:49.416 11447 11474 D ColorZoomWindowRUSConfigManager: isSupportZoomModeWithPolicyLocked: target = com.android.todolist/.ListActivity
02-29 23:36:49.416 11447 11474 D ColorZoomWindowRUSConfigManager: targetPkg = com.android.todolist
02-29 23:36:49.416 11447 11474 V ColorZoomWindowManagerService: unSupportZoom: false ,callingPid: 26734 ,sourceStack: Task{5676c51 #2690 visible=true type=standard mode=fullscreen translucent=true A=10840:com.android.todolist U=0 StackId=2690 sz=4}
02-29 23:36:49.417   846  1552 D DispPerfService: get hint proc=ActivityRecord{1cd2945 u0 com.android.todolist, idx=0 none
02-29 23:36:49.418   846  1552 E OppoExLayer: SCLTM hint=0x0, misSCLTMLayer=0, seq=70428, name=ActivityRecord{1cd2945 u0 com.android.todolist/.ListActivity#0
02-29 23:36:49.418   846  1552 D OppoExLayer: Layer() sequence=70428, name=ActivityRecord{1cd2945 u0 com.android.todolist/.ListActivity#0
02-29 23:36:49.419 11447 11474 D ColorZoomWindowRUSConfigManager: isSupportZoomModeWithPolicyLocked: target = com.android.todolist/.ListActivity
02-29 23:36:49.419 11447 11474 D ColorZoomWindowRUSConfigManager: targetPkg = com.android.todolist
02-29 23:36:49.419 11447 11474 V ColorZoomWindowManagerService: unSupportZoom: false ,callingPid: 26734 ,sourceStack: Task{5676c51 #2690 visible=true type=standard mode=fullscreen translucent=true A=10840:com.android.todolist U=0 StackId=2690 sz=5}
02-29 23:36:49.421   846  1552 D OppoExLayer: setLayer sequence=70416, z=3, new_z=3, name=ActivityRecord{edad5e0 u0 com.android.todolist/.MainActivity#0
02-29 23:36:49.421   846  1552 D OppoExLayer: setLayer sequence=70428, z=4, new_z=4, name=ActivityRecord{1cd2945 u0 com.android.todolist/.ListActivity#0
02-29 23:36:49.424   846  1552 I SurfaceFlinger: [SF client] NEW(0xb40000782a020a00) for (26734:com.android.todolist)
02-29 23:36:49.429 11447 11473 D OppoDisplayPolicy: com.android.todolist, no change cutoutMode: 0
02-29 23:36:49.432 26734 26734 I chatty  : uid=10840(com.android.todolist) identical 4 lines
02-29 23:36:49.435 11447 11473 D ActivityTaskManager: setWillCloseOrEnterPip:false ActivityRecord:ActivityRecord{edad5e0 u0 com.android.todolist/.MainActivity t2690} callers:com.android.server.wm.ActivityStack.completePauseLocked:1337 com.android.server.wm.ActivityRecord.activityPaused:5371 com.android.server.wm.ActivityTaskManagerService.activityPaused:1998 android.app.IActivityTaskManager$Stub.onTransact:1956 com.android.server.wm.OppoActivityTaskManagerService.onTransact:174 
02-29 23:36:49.438   815   837 I mtkpower@impl: [notifyAppState] act com.android.todolist.MainActivity => com.android.todolist.ListActivity
02-29 23:36:49.439 11447 11473 W WindowManager: Changing focus fromWindow{549b4a4 u0 com.android.todolist/com.android.todolist.MainActivity} to null displayId=0 Callers=com.android.server.wm.RootWindowContainer.updateFocusedWindowLocked:503 com.android.server.wm.WindowManagerService.updateFocusedWindowLocked:6074 com.android.server.wm.DisplayContent.setFocusedApp:5969 com.android.server.wm.ActivityTaskManagerService.setResumedActivityUncheckLocked:5837 
02-29 23:36:49.444 11447 11473 D OppoDisplayPolicy: com.android.todolist, no change cutoutMode: 0
02-29 23:36:49.453 11447 11473 I InputDispatcher: Focus left window: Window{549b4a4 u0 com.android.todolist/com.android.todolist.MainActivity} in display 0
02-29 23:36:49.453 11447 11473 I InputDispatcher: Window went away: Window{549b4a4 u0 com.android.todolist/com.android.todolist.MainActivity}
02-29 23:36:49.457   846   919 D DispPerfService: onframeavailable pid=26734, slot=2, seq=70430, name=com.android.todolist:Toast#0
02-29 23:36:49.507   846  3222 I SurfaceFlinger: [SF client] NEW(0xb40000782a84e840) for (26734:com.android.todolist)
02-29 23:36:49.511 11447 11474 D OppoDisplayPolicy: com.android.todolist, no change cutoutMode: 0
02-29 23:36:49.512   846   919 D DispPerfService: get hint proc=ea5d497 com.android.todolist, idx=0 none
02-29 23:36:49.512   846   919 E OppoExLayer: SCLTM hint=0x0, misSCLTMLayer=0, seq=70432, name=ea5d497 com.android.todolist/com.android.todolist.ListActivity#0
02-29 23:36:49.512   846   919 D OppoExLayer: Layer() sequence=70432, name=ea5d497 com.android.todolist/com.android.todolist.ListActivity#0
02-29 23:36:49.514 26734 26734 I chatty  : uid=10840(com.android.todolist) identical 4 lines
02-29 23:36:49.519   846   919 D OppoExLayer: setFlags sequence=70432, flags[0], mask[1], newFlags[0], name=ea5d497 com.android.todolist/com.android.todolist.ListActivity#0
02-29 23:36:49.523 11447 11474 D OppoDisplayPolicy: com.android.todolist, no change cutoutMode: 0
02-29 23:36:49.523 11447 11474 I WindowManager: Relayout Window{ea5d497 u0 com.android.todolist/com.android.todolist.ListActivity}: oldVis=4 newVis=0 focusMayChange = true
02-29 23:36:49.526   846   919 D DispPerfService: get hint proc=com.android.todolist, idx=0 none
02-29 23:36:49.526   846   919 E OppoExLayer: SCLTM hint=0x0, misSCLTMLayer=0, seq=70433, name=com.android.todolist/com.android.todolist.ListActivity#0
02-29 23:36:49.526   846   919 D OppoExLayer: Layer() sequence=70433, name=com.android.todolist/com.android.todolist.ListActivity#0
02-29 23:36:49.527 11447 11474 W WindowManager: Changing focus fromnull to Window{ea5d497 u0 com.android.todolist/com.android.todolist.ListActivity} displayId=0 Callers=com.android.server.wm.RootWindowContainer.updateFocusedWindowLocked:503 com.android.server.wm.WindowManagerService.updateFocusedWindowLocked:6074 com.android.server.wm.WindowManagerService.relayoutWindow:2704 com.android.server.wm.Session.relayout:229 
02-29 23:36:49.533   846   919 I BufferQueueProducer: [com.android.todolist/com.android.todolist.ListActivity#0](id:34e00003a8a,api:1,p:26734,c:846) connect(): api=1 producerControlledByApp=false
02-29 23:36:49.536   846  3222 D OppoExLayer: setAlpha sequence=70433, alpha=1.000000, name=com.android.todolist/com.android.todolist.ListActivity#0
02-29 23:36:49.536   846  3222 D OppoExLayer: setMatrix sequence=70433, matrix[1.000000,0.000000,0.000000,1.000000] name=com.android.todolist/com.android.todolist.ListActivity#0
02-29 23:36:49.536   846  3222 D OppoExLayer: setCrop sequence=70433, seq[2], crop[0,0:1080,2400], cc[0,0:1080,2400] name=com.android.todolist/com.android.todolist.ListActivity#0
02-29 23:36:49.546   846   919 D DispPerfService: onframeavailable pid=26734, slot=2, seq=70433, name=com.android.todolist:com.android.todolist/com.android.todolist.ListActivity#0
02-29 23:36:49.548   846   919 D OppoExLayer: setAlpha sequence=70433, alpha=1.000000, name=com.android.todolist/com.android.todolist.ListActivity#0
02-29 23:36:49.548   846   919 D OppoExLayer: setMatrix sequence=70433, matrix[1.000000,0.000000,0.000000,1.000000] name=com.android.todolist/com.android.todolist.ListActivity#0
02-29 23:36:49.549   846   919 D DispPerfService: get hint proc=Surface(name=ActivityRecord{1cd2945 u0 com.android.todolist, idx=0 none
02-29 23:36:49.549   846   919 E OppoExLayer: SCLTM hint=0x0, misSCLTMLayer=0, seq=70436, name=Surface(name=ActivityRecord{1cd2945 u0 com.android.todolist/.ListActivity)/@0x15bc5ab - animation-leash#0
02-29 23:36:49.549   846   919 D OppoExLayer: Layer() sequence=70436, name=Surface(name=ActivityRecord{1cd2945 u0 com.android.todolist/.ListActivity)/@0x15bc5ab - animation-leash#0
02-29 23:36:49.550   846   919 D DispPerfService: get hint proc=Surface(name=ActivityRecord{1cd2945 u0 com.android.todolist, idx=0 none
02-29 23:36:49.550   846   919 E OppoExLayer: SCLTM hint=0x0, misSCLTMLayer=0, seq=70437, name=Surface(name=ActivityRecord{1cd2945 u0 com.android.todolist/.ListActivity)/@0x15bc5ab - animation-bounds#0
02-29 23:36:49.550   846   919 D OppoExLayer: Layer() sequence=70437, name=Surface(name=ActivityRecord{1cd2945 u0 com.android.todolist/.ListActivity)/@0x15bc5ab - animation-bounds#0
02-29 23:36:49.551 11447 11484 D ColorZoomWindowManagerService: adjustWindowCropForLeash start: appToken = ActivityRecord{1cd2945 u0 com.android.todolist/.ListActivity t2690}
02-29 23:36:49.552 11447 11474 I InputDispatcher: Window went away: com.android.todolist/com.android.todolist.ListActivity#0
02-29 23:36:49.552   846   919 D DispPerfService: get hint proc=Surface(name=ActivityRecord{edad5e0 u0 com.android.todolist, idx=0 none
02-29 23:36:49.552   846   919 E OppoExLayer: SCLTM hint=0x0, misSCLTMLayer=0, seq=70438, name=Surface(name=ActivityRecord{edad5e0 u0 com.android.todolist/.MainActivity)/@0xb531828 - animation-leash#0
02-29 23:36:49.552   846   919 D OppoExLayer: Layer() sequence=70438, name=Surface(name=ActivityRecord{edad5e0 u0 com.android.todolist/.MainActivity)/@0xb531828 - animation-leash#0
02-29 23:36:49.553   846   919 D DispPerfService: get hint proc=Surface(name=ActivityRecord{edad5e0 u0 com.android.todolist, idx=0 none
02-29 23:36:49.553   846   919 E OppoExLayer: SCLTM hint=0x0, misSCLTMLayer=0, seq=70439, name=Surface(name=ActivityRecord{edad5e0 u0 com.android.todolist/.MainActivity)/@0xb531828 - animation-bounds#0
02-29 23:36:49.553   846   919 D OppoExLayer: Layer() sequence=70439, name=Surface(name=ActivityRecord{edad5e0 u0 com.android.todolist/.MainActivity)/@0xb531828 - animation-bounds#0
02-29 23:36:49.554 11447 11484 D ColorZoomWindowManagerService: adjustWindowCropForLeash start: appToken = ActivityRecord{edad5e0 u0 com.android.todolist/.MainActivity t2690}
02-29 23:36:49.555 11447 11526 I ActivityTaskManager: Displayed com.android.todolist/.ListActivity: +140ms
02-29 23:36:49.557   846   919 D OppoExLayer: setAlpha sequence=70433, alpha=1.000000, name=com.android.todolist/com.android.todolist.ListActivity#0
02-29 23:36:49.557   846   919 D OppoExLayer: setMatrix sequence=70433, matrix[1.000000,0.000000,0.000000,1.000000] name=com.android.todolist/com.android.todolist.ListActivity#0
02-29 23:36:49.557   846   919 D OppoExLayer: setFlags sequence=70433, flags[0], mask[1], newFlags[2], name=com.android.todolist/com.android.todolist.ListActivity#0
02-29 23:36:49.557   846   919 D OppoExLayer: setLayer sequence=70436, z=800570028, new_z=800570028, name=Surface(name=ActivityRecord{1cd2945 u0 com.android.todolist/.ListActivity)/@0x15bc5ab - animation-leash#0
02-29 23:36:49.557   846   919 D OppoExLayer: setAlpha sequence=70436, alpha=1.000000, name=Surface(name=ActivityRecord{1cd2945 u0 com.android.todolist/.ListActivity)/@0x15bc5ab - animation-leash#0
02-29 23:36:49.557   846   919 D OppoExLayer: setMatrix sequence=70436, matrix[1.000000,0.000000,0.000000,1.000000] name=Surface(name=ActivityRecord{1cd2945 u0 com.android.todolist/.ListActivity)/@0x15bc5ab - animation-leash#0
02-29 23:36:49.557   846   919 D OppoExLayer: setFlags sequence=70436, flags[0], mask[1], newFlags[0], name=Surface(name=ActivityRecord{1cd2945 u0 com.android.todolist/.ListActivity)/@0x15bc5ab - animation-leash#0
02-29 23:36:49.557   846   919 D OppoExLayer: setCrop sequence=70436, seq[4], crop[0,0:1080,2400], cc[0,0:1080,2400] name=Surface(name=ActivityRecord{1cd2945 u0 com.android.todolist/.ListActivity)/@0x15bc5ab - animation-leash#0
02-29 23:36:49.557   846   919 D OppoExLayer: setFlags sequence=70428, flags[0], mask[1], newFlags[0], name=ActivityRecord{1cd2945 u0 com.android.todolist/.ListActivity#0
02-29 23:36:49.557   846   919 D OppoExLayer: setLayer sequence=70437, z=800570028, new_z=800570028, name=Surface(name=ActivityRecord{1cd2945 u0 com.android.todolist/.ListActivity)/@0x15bc5ab - animation-bounds#0
02-29 23:36:49.557   846   919 D OppoExLayer: setFlags sequence=70437, flags[0], mask[1], newFlags[0], name=Surface(name=ActivityRecord{1cd2945 u0 com.android.todolist/.ListActivity)/@0x15bc5ab - animation-bounds#0
02-29 23:36:49.557   846   919 D OppoExLayer: setLayer sequence=70438, z=26, new_z=26, name=Surface(name=ActivityRecord{edad5e0 u0 com.android.todolist/.MainActivity)/@0xb531828 - animation-leash#0
02-29 23:36:49.557   846   919 D OppoExLayer: setAlpha sequence=70438, alpha=0.700000, name=Surface(name=ActivityRecord{edad5e0 u0 com.android.todolist/.MainActivity)/@0xb531828 - animation-leash#0
02-29 23:36:49.557   846   919 D OppoExLayer: setMatrix sequence=70438, matrix[1.000000,0.000000,0.000000,1.000000] name=Surface(name=ActivityRecord{edad5e0 u0 com.android.todolist/.MainActivity)/@0xb531828 - animation-leash#0
02-29 23:36:49.557   846   919 D OppoExLayer: setCrop sequence=70438, seq[5], crop[0,0:1080,2400], cc[0,0:1080,2400] name=Surface(name=ActivityRecord{edad5e0 u0 com.android.todolist/.MainActivity)/@0xb531828 - animation-leash#0
02-29 23:36:49.557   846   919 D OppoExLayer: setLayer sequence=70439, z=26, new_z=26, name=Surface(name=ActivityRecord{edad5e0 u0 com.android.todolist/.MainActivity)/@0xb531828 - animation-bounds#0
02-29 23:36:49.557   846   919 D OppoExLayer: setFlags sequence=70439, flags[0], mask[1], newFlags[0], name=Surface(name=ActivityRecord{edad5e0 u0 com.android.todolist/.MainActivity)/@0xb531828 - animation-bounds#0
02-29 23:36:49.559   846   919 D OppoExLayer: setMatrix sequence=70433, matrix[1.000000,0.000000,0.000000,1.000000] name=com.android.todolist/com.android.todolist.ListActivity#0
02-29 23:36:49.568   846  1552 D OppoExLayer: setAlpha sequence=70438, alpha=0.700000, name=Surface(name=ActivityRecord{edad5e0 u0 com.android.todolist/.MainActivity)/@0xb531828 - animation-leash#0
02-29 23:36:49.568   846  1552 D OppoExLayer: setMatrix sequence=70438, matrix[1.000000,0.000000,0.000000,1.000000] name=Surface(name=ActivityRecord{edad5e0 u0 com.android.todolist/.MainActivity)/@0xb531828 - animation-leash#0
02-29 23:36:49.568   846  1552 D OppoExLayer: setAlpha sequence=70436, alpha=1.000000, name=Surface(name=ActivityRecord{1cd2945 u0 com.android.todolist/.ListActivity)/@0x15bc5ab - animation-leash#0
02-29 23:36:49.568   846  1552 D OppoExLayer: setMatrix sequence=70436, matrix[1.000000,0.000000,0.000000,1.000000] name=Surface(name=ActivityRecord{1cd2945 u0 com.android.todolist/.ListActivity)/@0x15bc5ab - animation-leash#0
02-29 23:36:49.568 11447 11473 I InputDispatcher: Focus entered window: Window{ea5d497 u0 com.android.todolist/com.android.todolist.ListActivity} in display 0
02-29 23:36:49.571 11447 11484 V ColorZoomWindowManagerService: onAnimationFinished:  r = ActivityRecord{1cd2945 u0 com.android.todolist/.ListActivity t2690}
02-29 23:36:49.571 11447 11484 I ColorAppSwitchManagerService:  handleAppVisible , r = ActivityRecord{1cd2945 u0 com.android.todolist/.ListActivity t2690}
02-29 23:36:49.571 11447 11484 V ColorZoomWindowManagerService: onAnimationFinished:  r = ActivityRecord{edad5e0 u0 com.android.todolist/.MainActivity t2690}
02-29 23:36:49.572 11447 11473 D InputMethodManagerService: isSecurity: attribute.packageName=com.android.todolist
02-29 23:36:49.573   846  3222 D OppoExLayer: setFlags sequence=70416, flags[1], mask[1], newFlags[1], name=ActivityRecord{edad5e0 u0 com.android.todolist/.MainActivity#0
02-29 23:36:49.573   846  3222 D OppoExLayer: setFlags sequence=70418, flags[1], mask[1], newFlags[3], name=com.android.todolist/com.android.todolist.MainActivity#0
02-29 23:36:49.584   846   846 D OppoExLayer: ~Layer() sequence=70439, name=Surface(name=ActivityRecord{edad5e0 u0 com.android.todolist/.MainActivity)/@0xb531828 - animation-bounds#0@0xb40000782a854000
02-29 23:36:49.585   846   846 D OppoExLayer: ~Layer() sequence=70438, name=Surface(name=ActivityRecord{edad5e0 u0 com.android.todolist/.MainActivity)/@0xb531828 - animation-leash#0@0xb40000782a1e8000
02-29 23:36:49.585   846   846 D OppoExLayer: ~Layer() sequence=70437, name=Surface(name=ActivityRecord{1cd2945 u0 com.android.todolist/.ListActivity)/@0x15bc5ab - animation-bounds#0@0xb40000782a1cc000
02-29 23:36:49.585   846   846 D OppoExLayer: ~Layer() sequence=70436, name=Surface(name=ActivityRecord{1cd2945 u0 com.android.todolist/.ListActivity)/@0x15bc5ab - animation-leash#0@0xb40000782a1c6000
02-29 23:36:49.602   846  1499 I BufferQueueProducer: [com.android.todolist/com.android.todolist.MainActivity#0](id:34e00003a88,api:1,p:26734,c:846) disconnect(): api=1
02-29 23:36:49.603 11447 11473 D OppoDisplayPolicy: com.android.todolist, no change cutoutMode: 0
02-29 23:36:49.618 11447 13895 I InputDispatcher: Window went away: com.android.todolist/com.android.todolist.MainActivity#0
02-29 23:36:49.633   846   846 I BufferQueueConsumer: [com.android.todolist/com.android.todolist.MainActivity#0](id:34e00003a88,api:0,p:-1,c:846) disconnect()
02-29 23:36:49.634   846   846 I BufferQueue: [com.android.todolist/com.android.todolist.MainActivity#0](this:0xb400007859922c58,id:14984,api:1,p:-1,c:-1) onDestructor()
02-29 23:36:49.635   846   846 D OppoExLayer: ~Layer() sequence=70418, name=com.android.todolist/com.android.todolist.MainActivity#0@0xb400007839f7e000
02-29 23:36:51.427 11447 11474 W NotificationService: Toast already killed. pkg=com.android.todolist token=android.os.BinderProxy@17bbfb2
02-29 23:36:51.905   846  3222 I SurfaceFlinger: [SF client] NEW(0xb40000782a84f800) for (26734:com.android.todolist)
02-29 23:36:51.917 11447 11473 D OppoDisplayPolicy: com.android.todolist, no change cutoutMode: 0
02-29 23:36:51.919 11447 11473 W WindowManager: Changing focus fromWindow{ea5d497 u0 com.android.todolist/com.android.todolist.ListActivity} to Window{67cff12 u0 PopupWindow:8907433} displayId=0 Callers=com.android.server.wm.RootWindowContainer.updateFocusedWindowLocked:503 com.android.server.wm.WindowManagerService.updateFocusedWindowLocked:6074 com.android.server.wm.WindowManagerService.addWindow:1934 com.android.server.wm.Session.addToDisplayAsUser:184 
02-29 23:36:51.927 26734 26734 I chatty  : uid=10840(com.android.todolist) identical 3 lines
02-29 23:36:51.951 11447 13893 I InputDispatcher: Focus left window: Window{ea5d497 u0 com.android.todolist/com.android.todolist.ListActivity} in display 0
02-29 23:36:51.960 11447 13893 D OppoDisplayPolicy: com.android.todolist, no change cutoutMode: 0
02-29 23:36:52.052   846  1499 D DispPerfService: onframeavailable pid=26734, slot=2, seq=70445, name=com.android.todolist:PopupWindow:8907433#0
02-29 23:36:53.594   846  3222 I SurfaceFlinger: [SF client] NEW(0xb40000782a84f8c0) for (26734:com.android.todolist)
02-29 23:36:53.608 11447 11473 D OppoDisplayPolicy: com.android.todolist, no change cutoutMode: 0
02-29 23:36:53.609   846  3222 D DispPerfService: get hint proc=e75b70e com.android.todolist, idx=0 none
02-29 23:36:53.609   846  3222 E OppoExLayer: SCLTM hint=0x0, misSCLTMLayer=0, seq=70446, name=e75b70e com.android.todolist/com.android.todolist.ListActivity#0
02-29 23:36:53.609   846  3222 D OppoExLayer: Layer() sequence=70446, name=e75b70e com.android.todolist/com.android.todolist.ListActivity#0
02-29 23:36:53.611 11447 11473 W WindowManager: Changing focus fromWindow{67cff12 u0 PopupWindow:8907433} to Window{e75b70e u0 com.android.todolist/com.android.todolist.ListActivity} displayId=0 Callers=com.android.server.wm.RootWindowContainer.updateFocusedWindowLocked:503 com.android.server.wm.WindowManagerService.updateFocusedWindowLocked:6074 com.android.server.wm.WindowManagerService.addWindow:1934 com.android.server.wm.Session.addToDisplayAsUser:184 
02-29 23:36:53.620 26734 26734 I chatty  : uid=10840(com.android.todolist) identical 4 lines
02-29 23:36:53.623   846  3222 D OppoExLayer: setLayer sequence=70446, z=1, new_z=1, name=e75b70e com.android.todolist/com.android.todolist.ListActivity#0
02-29 23:36:53.623   846  3222 D OppoExLayer: setFlags sequence=70446, flags[0], mask[1], newFlags[0], name=e75b70e com.android.todolist/com.android.todolist.ListActivity#0
02-29 23:36:53.630 11447 11473 D OppoDisplayPolicy: com.android.todolist, no change cutoutMode: 0
02-29 23:36:53.671 11447 11473 D OppoDisplayPolicy: com.android.todolist, no change cutoutMode: 0
02-29 23:36:53.674   846  1499 D DispPerfService: get hint proc=com.android.todolist, idx=0 none
02-29 23:36:53.674   846  1499 E OppoExLayer: SCLTM hint=0x0, misSCLTMLayer=0, seq=70449, name=com.android.todolist/com.android.todolist.ListActivity#1
02-29 23:36:53.674   846  1499 D OppoExLayer: Layer() sequence=70449, name=com.android.todolist/com.android.todolist.ListActivity#1
02-29 23:36:53.688   846  1499 D OppoExLayer: setAlpha sequence=70449, alpha=1.000000, name=com.android.todolist/com.android.todolist.ListActivity#1
02-29 23:36:53.688   846  1499 D OppoExLayer: setMatrix sequence=70449, matrix[1.000000,0.000000,0.000000,1.000000] name=com.android.todolist/com.android.todolist.ListActivity#1
02-29 23:36:53.688   846  1499 D OppoExLayer: setCrop sequence=70449, seq[2], crop[0,0:1218,823], cc[0,0:1218,823] name=com.android.todolist/com.android.todolist.ListActivity#1
02-29 23:36:53.689   846  1499 I BufferQueueProducer: [com.android.todolist/com.android.todolist.ListActivity#1](id:34e00003a8c,api:1,p:26734,c:846) connect(): api=1 producerControlledByApp=false
02-29 23:36:53.704 11447 11473 I InputDispatcher: Window went away: com.android.todolist/com.android.todolist.ListActivity#1
02-29 23:36:53.725   846  1499 D DispPerfService: onframeavailable pid=26734, slot=2, seq=70449, name=com.android.todolist:com.android.todolist/com.android.todolist.ListActivity#1
02-29 23:36:53.730   846  1499 D OppoExLayer: setAlpha sequence=70449, alpha=1.000000, name=com.android.todolist/com.android.todolist.ListActivity#1
02-29 23:36:53.730   846  1499 D OppoExLayer: setMatrix sequence=70449, matrix[1.000000,0.000000,0.000000,1.000000] name=com.android.todolist/com.android.todolist.ListActivity#1
02-29 23:36:53.735   846  1499 D DispPerfService: get hint proc=Surface(name=e75b70e com.android.todolist, idx=0 none
02-29 23:36:53.735   846  1499 E OppoExLayer: SCLTM hint=0x0, misSCLTMLayer=0, seq=70450, name=Surface(name=e75b70e com.android.todolist/com.android.todolist.ListActivity)/@0xddbeb28 - animation-leash#0
02-29 23:36:53.735   846  1499 D OppoExLayer: Layer() sequence=70450, name=Surface(name=e75b70e com.android.todolist/com.android.todolist.ListActivity)/@0xddbeb28 - animation-leash#0
02-29 23:36:53.743   846  1499 D OppoExLayer: setAlpha sequence=70449, alpha=1.000000, name=com.android.todolist/com.android.todolist.ListActivity#1
02-29 23:36:53.743   846  1499 D OppoExLayer: setMatrix sequence=70449, matrix[1.000000,0.000000,0.000000,1.000000] name=com.android.todolist/com.android.todolist.ListActivity#1
02-29 23:36:53.743   846  1499 D OppoExLayer: setFlags sequence=70449, flags[0], mask[1], newFlags[0], name=com.android.todolist/com.android.todolist.ListActivity#1
02-29 23:36:53.743   846  1499 D OppoExLayer: setLayer sequence=70450, z=1, new_z=1, name=Surface(name=e75b70e com.android.todolist/com.android.todolist.ListActivity)/@0xddbeb28 - animation-leash#0
02-29 23:36:53.743   846  1499 D OppoExLayer: setAlpha sequence=70450, alpha=1.000000, name=Surface(name=e75b70e com.android.todolist/com.android.todolist.ListActivity)/@0xddbeb28 - animation-leash#0
02-29 23:36:53.743   846  1499 D OppoExLayer: setMatrix sequence=70450, matrix[1.000000,0.000000,0.000000,1.000000] name=Surface(name=e75b70e com.android.todolist/com.android.todolist.ListActivity)/@0xddbeb28 - animation-leash#0
02-29 23:36:53.743   846  1499 D OppoExLayer: setFlags sequence=70450, flags[0], mask[1], newFlags[0], name=Surface(name=e75b70e com.android.todolist/com.android.todolist.ListActivity)/@0xddbeb28 - animation-leash#0
02-29 23:36:53.743   846  1499 D OppoExLayer: setCrop sequence=70450, seq[5], crop[0,0:0,0], cc[0,0:0,0] name=Surface(name=e75b70e com.android.todolist/com.android.todolist.ListActivity)/@0xddbeb28 - animation-leash#0
02-29 23:36:53.750   846  3222 D OppoExLayer: setMatrix sequence=70449, matrix[1.000000,0.000000,0.000000,1.000000] name=com.android.todolist/com.android.todolist.ListActivity#1
02-29 23:36:53.754   846  1499 D OppoExLayer: setAlpha sequence=70450, alpha=1.000000, name=Surface(name=e75b70e com.android.todolist/com.android.todolist.ListActivity)/@0xddbeb28 - animation-leash#0
02-29 23:36:53.754   846  1499 D OppoExLayer: setMatrix sequence=70450, matrix[1.000000,0.000000,0.000000,1.000000] name=Surface(name=e75b70e com.android.todolist/com.android.todolist.ListActivity)/@0xddbeb28 - animation-leash#0
02-29 23:36:53.755 11447 11473 I InputDispatcher: Focus entered window: Window{e75b70e u0 com.android.todolist/com.android.todolist.ListActivity} in display 0
02-29 23:36:53.770 11447 13893 D InputMethodManagerService: isSecurity: attribute.packageName=com.android.todolist
02-29 23:36:53.786   846   846 D OppoExLayer: ~Layer() sequence=70450, name=Surface(name=e75b70e com.android.todolist/com.android.todolist.ListActivity)/@0xddbeb28 - animation-leash#0@0xb400007839fa4000
02-29 23:36:53.792   846  1499 I BufferQueueProducer: [com.android.todolist/com.android.todolist.ListActivity#1](id:34e00003a8c,api:1,p:26734,c:846) disconnect(): api=1
02-29 23:36:53.794   846  1499 I BufferQueueProducer: [com.android.todolist/com.android.todolist.ListActivity#1](id:34e00003a8c,api:1,p:26734,c:846) connect(): api=1 producerControlledByApp=false
02-29 23:36:54.971   846  1499 I BufferQueueProducer: [com.android.todolist/com.android.todolist.ListActivity#1](id:34e00003a8c,api:1,p:26734,c:846) disconnect(): api=1
02-29 23:36:54.975   846  1499 D DispPerfService: get hint proc=Surface(name=e75b70e com.android.todolist, idx=0 none
02-29 23:36:54.975   846  1499 E OppoExLayer: SCLTM hint=0x0, misSCLTMLayer=0, seq=70455, name=Surface(name=e75b70e com.android.todolist/com.android.todolist.ListActivity)/@0xddbeb28 - animation-leash#0
02-29 23:36:54.975   846  1499 D OppoExLayer: Layer() sequence=70455, name=Surface(name=e75b70e com.android.todolist/com.android.todolist.ListActivity)/@0xddbeb28 - animation-leash#0
02-29 23:36:54.977 11447 11567 D WindowManager: WARNING: focused app window can't receive keys, focusedApp:ActivityRecord{1cd2945 u0 com.android.todolist/.ListActivity t2690} window:Window{e75b70e u0 com.android.todolist/com.android.todolist.ListActivity EXITING}
02-29 23:36:54.977 11447 11474 I InputDispatcher: Focus left window: Window{e75b70e u0 com.android.todolist/com.android.todolist.ListActivity} in display 0
02-29 23:36:54.977 11447 11474 I InputDispatcher: Window went away: Window{e75b70e u0 com.android.todolist/com.android.todolist.ListActivity}
